Archive member included to satisfy reference by file (symbol)

/Users/tresfregosa/Library/Application Support/Code/User/globalStorage/vexrobotics.vexcode/sdk/cpp/V5/V5_20240802_15_00_00/vexv5/libv5rt.a(v5_startup.c.obj)
                              (vexStartup)
/Users/tresfregosa/Library/Application Support/Code/User/globalStorage/vexrobotics.vexcode/sdk/cpp/V5/V5_20240802_15_00_00/vexv5/libv5rt.a(v5_util.c.obj)
                              /Users/tresfregosa/Library/Application Support/Code/User/globalStorage/vexrobotics.vexcode/sdk/cpp/V5/V5_20240802_15_00_00/vexv5/libv5rt.a(v5_startup.c.obj) (vexStdlibVersionLinked)
/Users/tresfregosa/Library/Application Support/Code/User/globalStorage/vexrobotics.vexcode/sdk/cpp/V5/V5_20240802_15_00_00/vexv5/libv5rt.a(v5_apijump.c.obj)
                              /Users/tresfregosa/Library/Application Support/Code/User/globalStorage/vexrobotics.vexcode/sdk/cpp/V5/V5_20240802_15_00_00/vexv5/libv5rt.a(v5_startup.c.obj) (vexPrivateApiEnable)
/Users/tresfregosa/Library/Application Support/Code/User/globalStorage/vexrobotics.vexcode/sdk/cpp/V5/V5_20240802_15_00_00/vexv5/libv5rt.a(v5_apiversions.c.obj)
                              /Users/tresfregosa/Library/Application Support/Code/User/globalStorage/vexrobotics.vexcode/sdk/cpp/V5/V5_20240802_15_00_00/vexv5/libv5rt.a(v5_apijump.c.obj) (vexSystemVersion)
/Users/tresfregosa/Library/Application Support/Code/User/globalStorage/vexrobotics.vexcode/sdk/cpp/V5/V5_20240802_15_00_00/vexv5/libv5rt.a(vex_global.cpp.obj)
                              build/src/main.o (vex::wait(double, vex::timeUnits))
/Users/tresfregosa/Library/Application Support/Code/User/globalStorage/vexrobotics.vexcode/sdk/cpp/V5/V5_20240802_15_00_00/vexv5/libv5rt.a(vex_motor.cpp.obj)
                              build/src/main.o (vex::motor::~motor())
/Users/tresfregosa/Library/Application Support/Code/User/globalStorage/vexrobotics.vexcode/sdk/cpp/V5/V5_20240802_15_00_00/vexv5/libv5rt.a(vex_imu.cpp.obj)
                              build/src/JAR-Template/drive.o (vex::inertial::setRotation(double, vex::rotationUnits))
/Users/tresfregosa/Library/Application Support/Code/User/globalStorage/vexrobotics.vexcode/sdk/cpp/V5/V5_20240802_15_00_00/vexv5/libv5rt.a(vex_rotation.cpp.obj)
                              build/src/main.o (vex::rotation::~rotation())
/Users/tresfregosa/Library/Application Support/Code/User/globalStorage/vexrobotics.vexcode/sdk/cpp/V5/V5_20240802_15_00_00/vexv5/libv5rt.a(vex_controller.cpp.obj)
                              build/src/robot-config.o (vex::controller::~controller())
/Users/tresfregosa/Library/Application Support/Code/User/globalStorage/vexrobotics.vexcode/sdk/cpp/V5/V5_20240802_15_00_00/vexv5/libv5rt.a(vex_task.cpp.obj)
                              build/src/JAR-Template/drive.o (vex::task::task())
/Users/tresfregosa/Library/Application Support/Code/User/globalStorage/vexrobotics.vexcode/sdk/cpp/V5/V5_20240802_15_00_00/vexv5/libv5rt.a(vex_thread.cpp.obj)
                              /Users/tresfregosa/Library/Application Support/Code/User/globalStorage/vexrobotics.vexcode/sdk/cpp/V5/V5_20240802_15_00_00/vexv5/libv5rt.a(vex_global.cpp.obj) (vex::this_thread::sleep_for(unsigned long))
/Users/tresfregosa/Library/Application Support/Code/User/globalStorage/vexrobotics.vexcode/sdk/cpp/V5/V5_20240802_15_00_00/vexv5/libv5rt.a(vex_event.cpp.obj)
                              /Users/tresfregosa/Library/Application Support/Code/User/globalStorage/vexrobotics.vexcode/sdk/cpp/V5/V5_20240802_15_00_00/vexv5/libv5rt.a(vex_imu.cpp.obj) (vex::event::init(unsigned long, unsigned long, void (*)()))
/Users/tresfregosa/Library/Application Support/Code/User/globalStorage/vexrobotics.vexcode/sdk/cpp/V5/V5_20240802_15_00_00/vexv5/libv5rt.a(vex_mevent.cpp.obj)
                              /Users/tresfregosa/Library/Application Support/Code/User/globalStorage/vexrobotics.vexcode/sdk/cpp/V5/V5_20240802_15_00_00/vexv5/libv5rt.a(vex_controller.cpp.obj) (vex::mevent::mevent(unsigned long, unsigned long))
/Users/tresfregosa/Library/Application Support/Code/User/globalStorage/vexrobotics.vexcode/sdk/cpp/V5/V5_20240802_15_00_00/vexv5/libv5rt.a(vex_brain.cpp.obj)
                              build/src/robot-config.o (vex::brain::brain())
/Users/tresfregosa/Library/Application Support/Code/User/globalStorage/vexrobotics.vexcode/sdk/cpp/V5/V5_20240802_15_00_00/vexv5/libv5rt.a(vex_competition.cpp.obj)
                              build/src/main.o (vex::competition::competition())
/Users/tresfregosa/Library/Application Support/Code/User/globalStorage/vexrobotics.vexcode/sdk/cpp/V5/V5_20240802_15_00_00/vexv5/libv5rt.a(vex_triport.cpp.obj)
                              build/src/main.o (vex::triport::~triport())
/Users/tresfregosa/Library/Application Support/Code/User/globalStorage/vexrobotics.vexcode/sdk/cpp/V5/V5_20240802_15_00_00/vexv5/libv5rt.a(vex_color.cpp.obj)
[...]
Memory Configuration

Name             Origin             Length             Attributes
ps7_ddr_0_S_AXI_BASEADDR 0x0000000003800000 0x0000000004800000
*default*        0x0000000000000000 0xffffffffffffffff

Linker script and memory map

                0x0000000000002000                _STACK_SIZE = DEFINED (_STACK_SIZE)?_STACK_SIZE:0x2000
                0x0000000000100000                _HEAP_SIZE = DEFINED (_HEAP_SIZE)?_HEAP_SIZE:0x100000
                0x0000000000000400                _ABORT_STACK_SIZE = DEFINED (_ABORT_STACK_SIZE)?_ABORT_STACK_SIZE:0x400
                0x0000000000000800                _SUPERVISOR_STACK_SIZE = DEFINED (_SUPERVISOR_STACK_SIZE)?_SUPERVISOR_STACK_SIZE:0x800
                0x0000000000000400                _IRQ_STACK_SIZE = DEFINED (_IRQ_STACK_SIZE)?_IRQ_STACK_SIZE:0x400
                0x0000000000000400                _FIQ_STACK_SIZE = DEFINED (_FIQ_STACK_SIZE)?_FIQ_STACK_SIZE:0x400
                0x0000000000000400                _UNDEF_STACK_SIZE = DEFINED (_UNDEF_STACK_SIZE)?_UNDEF_STACK_SIZE:0x400

.text           0x0000000003800000     0x4768
 *(.vectors)
 *(.boot_data)
 .boot_data     0x0000000003800000       0x20 /Users/tresfregosa/Library/Application Support/Code/User/globalStorage/vexrobotics.vexcode/sdk/cpp/V5/V5_20240802_15_00_00/vexv5/libv5rt.a(v5_startup.c.obj)
                0x0000000003800000                vexCodeSig
                0x0000000000000020                . = 0x20
 *(.boot)
 .boot          0x0000000003800020       0xbc /Users/tresfregosa/Library/Application Support/Code/User/globalStorage/vexrobotics.vexcode/sdk/cpp/V5/V5_20240802_15_00_00/vexv5/libv5rt.a(v5_startup.c.obj)
                0x0000000003800020                vexStartup
                0x0000000003800100                . = ALIGN (0x40)
 *fill*         0x00000000038000dc       0x24 
 *(.freertos_vectors)
 *(.text)
 *(.text.*)
 .text._Z17default_constantsv
                0x0000000003800100      0x10c build/src/autons.o
                0x0000000003800100                default_constants()
 *fill*         0x000000000380020c        0x4 
 .text._Z13antiJamIntakev
                0x0000000003800210       0xc0 build/src/autons.o
                0x0000000003800210                antiJamIntake()
 .text._Z15antiJamTaskFastv
                0x00000000038002d0       0xc0 build/src/autons.o
                0x00000000038002d0                antiJamTaskFast()
 .text._Z9awp_rightv
                0x0000000003800390      0x1e0 build/src/autons.o
                0x0000000003800390                awp_right()
 .text._ZN3vex11motor_groupC2IJNS_5motorES2_EEERS2_DpRT_
                0x0000000003800570       0x44 build/src/main.o
                0x0000000003800570                vex::motor_group::motor_group<vex::motor, vex::motor>(vex::motor&, vex::motor&, vex::motor&)
 .text._ZN5DriveD2Ev
                0x00000000038005b4       0x7c build/src/main.o
                0x00000000038005b4                Drive::~Drive()
 .text._Z9pre_autonv
                0x0000000003800630      0x258 build/src/main.o
                0x0000000003800630                pre_auton()
 .text._Z10autonomousv
                0x0000000003800888       0x14 build/src/main.o
                0x0000000003800888                autonomous()
 *fill*         0x000000000380089c        0x4 
 .text._Z11usercontrolv
                0x00000000038008a0      0x228 build/src/main.o
                0x00000000038008a0                usercontrol()
 .text.main     0x0000000003800ac8       0x68 build/src/main.o
                0x0000000003800ac8                main
 .text._GLOBAL__sub_I_main.cpp
                0x0000000003800b30      0x170 build/src/main.o
 .text._Z11vexcodeInitv
                0x0000000003800ca0        0x4 build/src/robot-config.o
                0x0000000003800ca0                vexcodeInit()
 .text._GLOBAL__sub_I_robot_config.cpp
                0x0000000003800ca4      0x260 build/src/robot-config.o
 .text._ZN3PIDC2Efffff
                0x0000000003800f04       0x38 build/src/JAR-Template/PID.o
                0x0000000003800f04                PID::PID(float, float, float, float, float)
                0x0000000003800f04                PID::PID(float, float, float, float, float)
 .text._ZN3PIDC2Effffffff
                0x0000000003800f3c       0x50 build/src/JAR-Template/PID.o
                0x0000000003800f3c                PID::PID(float, float, float, float, float, float, float, float)
                0x0000000003800f3c                PID::PID(float, float, float, float, float, float, float, float)
 .text._ZN3PID7computeEf
                0x0000000003800f8c       0xd0 build/src/JAR-Template/PID.o
                0x0000000003800f8c                PID::compute(float)
 .text._ZN3PID10is_settledEv
                0x000000000380105c       0x44 build/src/JAR-Template/PID.o
                0x000000000380105c                PID::is_settled()
 .text._ZN5DriveC2E11drive_setupN3vex11motor_groupES2_ifffiiiiiffiff
                0x00000000038010a0      0x268 build/src/JAR-Template/drive.o
                0x00000000038010a0                Drive::Drive(drive_setup, vex::motor_group, vex::motor_group, int, float, float, float, int, int, int, int, int, float, float, int, float, float)
                0x00000000038010a0                Drive::Drive(drive_setup, vex::motor_group, vex::motor_group, int, float, float, float, int, int, int, int, int, float, float, int, float, float)
 .text._ZN5Drive18drive_with_voltageEff
                0x0000000003801308       0x6c build/src/JAR-Template/drive.o
                0x0000000003801308                Drive::drive_with_voltage(float, float)
 .text._ZN5Drive18set_turn_constantsEfffff
                0x0000000003801374       0x1c build/src/JAR-Template/drive.o
                0x0000000003801374                Drive::set_turn_constants(float, float, float, float, float)
 .text._ZN5Drive19set_drive_constantsEfffff
                0x0000000003801390       0x1c build/src/JAR-Template/drive.o
                0x0000000003801390                Drive::set_drive_constants(float, float, float, float, float)
 .text._ZN5Drive21set_heading_constantsEfffff
                0x00000000038013ac       0x1c build/src/JAR-Template/drive.o
                0x00000000038013ac                Drive::set_heading_constants(float, float, float, float, float)
 .text._ZN5Drive19set_swing_constantsEfffff
                0x00000000038013c8       0x1c build/src/JAR-Template/drive.o
                0x00000000038013c8                Drive::set_swing_constants(float, float, float, float, float)
 .text._ZN5Drive24set_turn_exit_conditionsEfff
                0x00000000038013e4        0xc build/src/JAR-Template/drive.o
                0x00000000038013e4                Drive::set_turn_exit_conditions(float, float, float)
 .text._ZN5Drive25set_drive_exit_conditionsEfff
                0x00000000038013f0        0xc build/src/JAR-Template/drive.o
                0x00000000038013f0                Drive::set_drive_exit_conditions(float, float, float)
 .text._ZN5Drive25set_swing_exit_conditionsEfff
                0x00000000038013fc        0xc build/src/JAR-Template/drive.o
                0x00000000038013fc                Drive::set_swing_exit_conditions(float, float, float)
 .text._ZN5Drive20get_absolute_headingEv
                0x0000000003801408       0x48 build/src/JAR-Template/drive.o
                0x0000000003801408                Drive::get_absolute_heading()
 .text._ZN5Drive13turn_to_angleEf
                0x0000000003801450       0x50 build/src/JAR-Template/drive.o
                0x0000000003801450                Drive::turn_to_angle(float)
 .text._ZN5Drive13turn_to_angleEfffffffff
                0x00000000038014a0      0x150 build/src/JAR-Template/drive.o
                0x00000000038014a0                Drive::turn_to_angle(float, float, float, float, float, float, float, float, float)
 .text._ZN5Drive14drive_distanceEf
                0x00000000038015f0       0xc8 build/src/JAR-Template/drive.o
                0x00000000038015f0                Drive::drive_distance(float)
 .text._ZN5Drive14drive_distanceEfffffffffffffff
                0x00000000038016b8      0x2c0 build/src/JAR-Template/drive.o
                0x00000000038016b8                Drive::drive_distance(float, float, float, float, float, float, float, float, float, float, float, float, float, float, float)
 .text._ZN5Drive14drive_distanceEffff
                0x0000000003801978       0x74 build/src/JAR-Template/drive.o
                0x0000000003801978                Drive::drive_distance(float, float, float, float)
 .text._ZN5Drive14control_arcadeEv
                0x00000000038019ec      0x114 build/src/JAR-Template/drive.o
                0x00000000038019ec                Drive::control_arcade()
 .text._ZN4Odom22set_physical_distancesEff
                0x0000000003801b00        0x8 build/src/JAR-Template/odom.o
                0x0000000003801b00                Odom::set_physical_distances(float, float)
 .text._Z15reduce_0_to_360f
                0x0000000003801b08       0x7c build/src/JAR-Template/util.o
                0x0000000003801b08                reduce_0_to_360(float)
 .text._Z26reduce_negative_180_to_180f
                0x0000000003801b84       0x90 build/src/JAR-Template/util.o
                0x0000000003801b84                reduce_negative_180_to_180(float)
 .text._Z5clampfff
                0x0000000003801c14       0x2c build/src/JAR-Template/util.o
                0x0000000003801c14                clamp(float, float, float)
 .text._Z11is_reversedd
                0x0000000003801c40       0x18 build/src/JAR-Template/util.o
                0x0000000003801c40                is_reversed(double)
 .text._Z7to_voltf
                0x0000000003801c58       0x30 build/src/JAR-Template/util.o
                0x0000000003801c58                to_volt(float)
 .text._Z7to_porti
                0x0000000003801c88       0x10 build/src/JAR-Template/util.o
                0x0000000003801c88                to_port(int)
 .text._Z8deadbandff
                0x0000000003801c98       0x28 build/src/JAR-Template/util.o
                0x0000000003801c98                deadband(float, float)
 .text.vexMain  0x0000000003801cc0       0xb0 /Users/tresfregosa/Library/Application Support/Code/User/globalStorage/vexrobotics.vexcode/sdk/cpp/V5/V5_20240802_15_00_00/vexv5/libv5rt.a(v5_startup.c.obj)
                0x0000000003801cc0                vexMain
 .text.__vex_function_prolog
                0x0000000003801d70       0x18 /Users/tresfregosa/Library/Application Support/Code/User/globalStorage/vexrobotics.vexcode/sdk/cpp/V5/V5_20240802_15_00_00/vexv5/libv5rt.a(v5_startup.c.obj)
                0x0000000003801d70                __vex_function_prolog
 .text._init    0x0000000003801d88        0x4 /Users/tresfregosa/Library/Application Support/Code/User/globalStorage/vexrobotics.vexcode/sdk/cpp/V5/V5_20240802_15_00_00/vexv5/libv5rt.a(v5_startup.c.obj)
                0x0000000003801d88                _init
 .text._fini    0x0000000003801d8c        0x4 /Users/tresfregosa/Library/Application Support/Code/User/globalStorage/vexrobotics.vexcode/sdk/cpp/V5/V5_20240802_15_00_00/vexv5/libv5rt.a(v5_startup.c.obj)
                0x0000000003801d8c                _fini
 .text.vexStdlibVersionLinked
                0x0000000003801d90        0xc /Users/tresfregosa/Library/Application Support/Code/User/globalStorage/vexrobotics.vexcode/sdk/cpp/V5/V5_20240802_15_00_00/vexv5/libv5rt.a(v5_util.c.obj)
                0x0000000003801d90                vexStdlibVersionLinked
 .text.vexStdlibVersionVerify
                0x0000000003801d9c       0x30 /Users/tresfregosa/Library/Application Support/Code/User/globalStorage/vexrobotics.vexcode/sdk/cpp/V5/V5_20240802_15_00_00/vexv5/libv5rt.a(v5_util.c.obj)
                0x0000000003801d9c                vexStdlibVersionVerify
 .text.vexPrivateApiEnable
                0x0000000003801dcc       0x10 /Users/tresfregosa/Library/Application Support/Code/User/globalStorage/vexrobotics.vexcode/sdk/cpp/V5/V5_20240802_15_00_00/vexv5/libv5rt.a(v5_apijump.c.obj)
                0x0000000003801dcc                vexPrivateApiEnable
 .text.vexStdlibMismatchError
                0x0000000003801ddc       0x3c /Users/tresfregosa/Library/Application Support/Code/User/globalStorage/vexrobotics.vexcode/sdk/cpp/V5/V5_20240802_15_00_00/vexv5/libv5rt.a(v5_apijump.c.obj)
                0x0000000003801ddc                vexStdlibMismatchError
 .text.vexTaskAdd
                0x0000000003801e18       0x10 /Users/tresfregosa/Library/Application Support/Code/User/globalStorage/vexrobotics.vexcode/sdk/cpp/V5/V5_20240802_15_00_00/vexv5/libv5rt.a(v5_apijump.c.obj)
                0x0000000003801e18                vexTaskAdd
 .text.vexTasksRun
                0x0000000003801e28       0x10 /Users/tresfregosa/Library/Application Support/Code/User/globalStorage/vexrobotics.vexcode/sdk/cpp/V5/V5_20240802_15_00_00/vexv5/libv5rt.a(v5_apijump.c.obj)
                0x0000000003801e28                vexTasksRun
 .text.vexTaskYield
                0x0000000003801e38       0x10 /Users/tresfregosa/Library/Application Support/Code/User/globalStorage/vexrobotics.vexcode/sdk/cpp/V5/V5_20240802_15_00_00/vexv5/libv5rt.a(v5_apijump.c.obj)
                0x0000000003801e38                vexTaskYield
 .text.vexTaskCheckTimeslice
                0x0000000003801e48       0x10 /Users/tresfregosa/Library/Application Support/Code/User/globalStorage/vexrobotics.vexcode/sdk/cpp/V5/V5_20240802_15_00_00/vexv5/libv5rt.a(v5_apijump.c.obj)
                0x0000000003801e48                vexTaskCheckTimeslice
 .text.vexTaskGetIndex
                0x0000000003801e58       0x10 /Users/tresfregosa/Library/Application Support/Code/User/globalStorage/vexrobotics.vexcode/sdk/cpp/V5/V5_20240802_15_00_00/vexv5/libv5rt.a(v5_apijump.c.obj)
                0x0000000003801e58                vexTaskGetIndex
 .text.vexTaskSleep
                0x0000000003801e68       0x10 /Users/tresfregosa/Library/Application Support/Code/User/globalStorage/vexrobotics.vexcode/sdk/cpp/V5/V5_20240802_15_00_00/vexv5/libv5rt.a(v5_apijump.c.obj)
                0x0000000003801e68                vexTaskSleep
 .text.vexTasksDump
                0x0000000003801e78       0x1c /Users/tresfregosa/Library/Application Support/Code/User/globalStorage/vexrobotics.vexcode/sdk/cpp/V5/V5_20240802_15_00_00/vexv5/libv5rt.a(v5_apijump.c.obj)
                0x0000000003801e78                vexTasksDump
 .text.vexTaskGetTaskIndex
                0x0000000003801e94       0x10 /Users/tresfregosa/Library/Application Support/Code/User/globalStorage/vexrobotics.vexcode/sdk/cpp/V5/V5_20240802_15_00_00/vexv5/libv5rt.a(v5_apijump.c.obj)
                0x0000000003801e94                vexTaskGetTaskIndex
 .text.vexTaskStopAll
                0x0000000003801ea4       0x10 /Users/tresfregosa/Library/Application Support/Code/User/globalStorage/vexrobotics.vexcode/sdk/cpp/V5/V5_20240802_15_00_00/vexv5/libv5rt.a(v5_apijump.c.obj)
                0x0000000003801ea4                vexTaskStopAll
 .text.vexTaskRemoveAllUser
                0x0000000003801eb4       0x34 /Users/tresfregosa/Library/Application Support/Code/User/globalStorage/vexrobotics.vexcode/sdk/cpp/V5/V5_20240802_15_00_00/vexv5/libv5rt.a(v5_apijump.c.obj)
                0x0000000003801eb4                vexTaskRemoveAllUser
 .text.vexTaskCompletionIdSet
                0x0000000003801ee8       0x10 /Users/tresfregosa/Library/Application Support/Code/User/globalStorage/vexrobotics.vexcode/sdk/cpp/V5/V5_20240802_15_00_00/vexv5/libv5rt.a(v5_apijump.c.obj)
                0x0000000003801ee8                vexTaskCompletionIdSet
 .text.vexTaskStopWithId
                0x0000000003801ef8       0x10 /Users/tresfregosa/Library/Application Support/Code/User/globalStorage/vexrobotics.vexcode/sdk/cpp/V5/V5_20240802_15_00_00/vexv5/libv5rt.a(v5_apijump.c.obj)
                0x0000000003801ef8                vexTaskStopWithId
 .text.vexTaskGetCallbackAndId
                0x0000000003801f08       0x54 /Users/tresfregosa/Library/Application Support/Code/User/globalStorage/vexrobotics.vexcode/sdk/cpp/V5/V5_20240802_15_00_00/vexv5/libv5rt.a(v5_apijump.c.obj)
                0x0000000003801f08                vexTaskGetCallbackAndId
 .text.vexCriticalSection
                0x0000000003801f5c       0x2c /Users/tresfregosa/Library/Application Support/Code/User/globalStorage/vexrobotics.vexcode/sdk/cpp/V5/V5_20240802_15_00_00/vexv5/libv5rt.a(v5_apijump.c.obj)
                0x0000000003801f5c                vexCriticalSection
 .text.vexEventAdd
                0x0000000003801f88       0x34 /Users/tresfregosa/Library/Application Support/Code/User/globalStorage/vexrobotics.vexcode/sdk/cpp/V5/V5_20240802_15_00_00/vexv5/libv5rt.a(v5_apijump.c.obj)
                0x0000000003801f88                vexEventAdd
 .text.vexEventUserIndexGet
                0x0000000003801fbc       0x1c /Users/tresfregosa/Library/Application Support/Code/User/globalStorage/vexrobotics.vexcode/sdk/cpp/V5/V5_20240802_15_00_00/vexv5/libv5rt.a(v5_apijump.c.obj)
                0x0000000003801fbc                vexEventUserIndexGet
 .text.vexEventAddWithArg
                0x0000000003801fd8       0x3c /Users/tresfregosa/Library/Application Support/Code/User/globalStorage/vexrobotics.vexcode/sdk/cpp/V5/V5_20240802_15_00_00/vexv5/libv5rt.a(v5_apijump.c.obj)
                0x0000000003801fd8                vexEventAddWithArg
 .text.vexEventsCleanup
                0x0000000003802014       0x2c /Users/tresfregosa/Library/Application Support/Code/User/globalStorage/vexrobotics.vexcode/sdk/cpp/V5/V5_20240802_15_00_00/vexv5/libv5rt.a(v5_apijump.c.obj)
                0x0000000003802014                vexEventsCleanup
 .text.vexDebug
                0x0000000003802040       0x38 /Users/tresfregosa/Library/Application Support/Code/User/globalStorage/vexrobotics.vexcode/sdk/cpp/V5/V5_20240802_15_00_00/vexv5/libv5rt.a(v5_apijump.c.obj)
                0x0000000003802040                vexDebug
 .text.vex_sprintf
                0x0000000003802078       0x40 /Users/tresfregosa/Library/Application Support/Code/User/globalStorage/vexrobotics.vexcode/sdk/cpp/V5/V5_20240802_15_00_00/vexv5/libv5rt.a(v5_apijump.c.obj)
                0x0000000003802078                vex_sprintf
 .text.vexSystemTimeGet
                0x00000000038020b8       0x1c /Users/tresfregosa/Library/Application Support/Code/User/globalStorage/vexrobotics.vexcode/sdk/cpp/V5/V5_20240802_15_00_00/vexv5/libv5rt.a(v5_apijump.c.obj)
                0x00000000038020b8                vexSystemTimeGet
 .text.vexSystemExitRequest
                0x00000000038020d4       0x1c /Users/tresfregosa/Library/Application Support/Code/User/globalStorage/vexrobotics.vexcode/sdk/cpp/V5/V5_20240802_15_00_00/vexv5/libv5rt.a(v5_apijump.c.obj)
                0x00000000038020d4                vexSystemExitRequest
 .text.vexDeviceGetByIndex
                0x00000000038020f0       0x24 /Users/tresfregosa/Library/Application Support/Code/User/globalStorage/vexrobotics.vexcode/sdk/cpp/V5/V5_20240802_15_00_00/vexv5/libv5rt.a(v5_apijump.c.obj)
                0x00000000038020f0                vexDeviceGetByIndex
 .text.vexControllerGet
                0x0000000003802114       0x2c /Users/tresfregosa/Library/Application Support/Code/User/globalStorage/vexrobotics.vexcode/sdk/cpp/V5/V5_20240802_15_00_00/vexv5/libv5rt.a(v5_apijump.c.obj)
                0x0000000003802114                vexControllerGet
 .text.vexDeviceAdiPortConfigSet
                0x0000000003802140       0x34 /Users/tresfregosa/Library/Application Support/Code/User/globalStorage/vexrobotics.vexcode/sdk/cpp/V5/V5_20240802_15_00_00/vexv5/libv5rt.a(v5_apijump.c.obj)
                0x0000000003802140                vexDeviceAdiPortConfigSet
 .text.vexDeviceAdiPortConfigGet
                0x0000000003802174       0x2c /Users/tresfregosa/Library/Application Support/Code/User/globalStorage/vexrobotics.vexcode/sdk/cpp/V5/V5_20240802_15_00_00/vexv5/libv5rt.a(v5_apijump.c.obj)
                0x0000000003802174                vexDeviceAdiPortConfigGet
 .text.vexDeviceAdiValueSet
                0x00000000038021a0       0x34 /Users/tresfregosa/Library/Application Support/Code/User/globalStorage/vexrobotics.vexcode/sdk/cpp/V5/V5_20240802_15_00_00/vexv5/libv5rt.a(v5_apijump.c.obj)
                0x00000000038021a0                vexDeviceAdiValueSet
 .text.vexDeviceAdiValueGet
                0x00000000038021d4       0x2c /Users/tresfregosa/Library/Application Support/Code/User/globalStorage/vexrobotics.vexcode/sdk/cpp/V5/V5_20240802_15_00_00/vexv5/libv5rt.a(v5_apijump.c.obj)
                0x00000000038021d4                vexDeviceAdiValueGet
 .text.vexDeviceMotorVelocitySet
                0x0000000003802200       0x2c /Users/tresfregosa/Library/Application Support/Code/User/globalStorage/vexrobotics.vexcode/sdk/cpp/V5/V5_20240802_15_00_00/vexv5/libv5rt.a(v5_apijump.c.obj)
                0x0000000003802200                vexDeviceMotorVelocitySet
 .text.vexDeviceMotorVoltageSet
                0x000000000380222c       0x2c /Users/tresfregosa/Library/Application Support/Code/User/globalStorage/vexrobotics.vexcode/sdk/cpp/V5/V5_20240802_15_00_00/vexv5/libv5rt.a(v5_apijump.c.obj)
                0x000000000380222c                vexDeviceMotorVoltageSet
 .text.vexDeviceMotorActualVelocityGet
                0x0000000003802258       0x24 /Users/tresfregosa/Library/Application Support/Code/User/globalStorage/vexrobotics.vexcode/sdk/cpp/V5/V5_20240802_15_00_00/vexv5/libv5rt.a(v5_apijump.c.obj)
                0x0000000003802258                vexDeviceMotorActualVelocityGet
 .text.vexDeviceMotorCurrentGet
                0x000000000380227c       0x24 /Users/tresfregosa/Library/Application Support/Code/User/globalStorage/vexrobotics.vexcode/sdk/cpp/V5/V5_20240802_15_00_00/vexv5/libv5rt.a(v5_apijump.c.obj)
                0x000000000380227c                vexDeviceMotorCurrentGet
 .text.vexDeviceMotorEfficiencyGet
                0x00000000038022a0       0x24 /Users/tresfregosa/Library/Application Support/Code/User/globalStorage/vexrobotics.vexcode/sdk/cpp/V5/V5_20240802_15_00_00/vexv5/libv5rt.a(v5_apijump.c.obj)
                0x00000000038022a0                vexDeviceMotorEfficiencyGet
 .text.vexDeviceMotorReverseFlagSet
                0x00000000038022c4       0x2c /Users/tresfregosa/Library/Application Support/Code/User/globalStorage/vexrobotics.vexcode/sdk/cpp/V5/V5_20240802_15_00_00/vexv5/libv5rt.a(v5_apijump.c.obj)
                0x00000000038022c4                vexDeviceMotorReverseFlagSet
 .text.vexDeviceMotorEncoderUnitsSet
                0x00000000038022f0       0x2c /Users/tresfregosa/Library/Application Support/Code/User/globalStorage/vexrobotics.vexcode/sdk/cpp/V5/V5_20240802_15_00_00/vexv5/libv5rt.a(v5_apijump.c.obj)
                0x00000000038022f0                vexDeviceMotorEncoderUnitsSet
 .text.vexDeviceMotorBrakeModeSet
                0x000000000380231c       0x2c /Users/tresfregosa/Library/Application Support/Code/User/globalStorage/vexrobotics.vexcode/sdk/cpp/V5/V5_20240802_15_00_00/vexv5/libv5rt.a(v5_apijump.c.obj)
                0x000000000380231c                vexDeviceMotorBrakeModeSet
 .text.vexDeviceMotorPositionSet
                0x0000000003802348       0x34 /Users/tresfregosa/Library/Application Support/Code/User/globalStorage/vexrobotics.vexcode/sdk/cpp/V5/V5_20240802_15_00_00/vexv5/libv5rt.a(v5_apijump.c.obj)
                0x0000000003802348                vexDeviceMotorPositionSet
 .text.vexDeviceMotorPositionGet
                0x000000000380237c       0x24 /Users/tresfregosa/Library/Application Support/Code/User/globalStorage/vexrobotics.vexcode/sdk/cpp/V5/V5_20240802_15_00_00/vexv5/libv5rt.a(v5_apijump.c.obj)
                0x000000000380237c                vexDeviceMotorPositionGet
 .text.vexDeviceMotorGearingSet
                0x00000000038023a0       0x2c /Users/tresfregosa/Library/Application Support/Code/User/globalStorage/vexrobotics.vexcode/sdk/cpp/V5/V5_20240802_15_00_00/vexv5/libv5rt.a(v5_apijump.c.obj)
                0x00000000038023a0                vexDeviceMotorGearingSet
 .text.vexDeviceMotorGearingGet
                0x00000000038023cc       0x24 /Users/tresfregosa/Library/Application Support/Code/User/globalStorage/vexrobotics.vexcode/sdk/cpp/V5/V5_20240802_15_00_00/vexv5/libv5rt.a(v5_apijump.c.obj)
                0x00000000038023cc                vexDeviceMotorGearingGet
 .text.vexDeviceImuReset
                0x00000000038023f0       0x24 /Users/tresfregosa/Library/Application Support/Code/User/globalStorage/vexrobotics.vexcode/sdk/cpp/V5/V5_20240802_15_00_00/vexv5/libv5rt.a(v5_apijump.c.obj)
                0x00000000038023f0                vexDeviceImuReset
 .text.vexDeviceImuHeadingGet
                0x0000000003802414       0x24 /Users/tresfregosa/Library/Application Support/Code/User/globalStorage/vexrobotics.vexcode/sdk/cpp/V5/V5_20240802_15_00_00/vexv5/libv5rt.a(v5_apijump.c.obj)
                0x0000000003802414                vexDeviceImuHeadingGet
 .text.vexDeviceImuDegreesGet
                0x0000000003802438       0x24 /Users/tresfregosa/Library/Application Support/Code/User/globalStorage/vexrobotics.vexcode/sdk/cpp/V5/V5_20240802_15_00_00/vexv5/libv5rt.a(v5_apijump.c.obj)
                0x0000000003802438                vexDeviceImuDegreesGet
 .text.vexDeviceImuStatusGet
                0x000000000380245c       0x24 /Users/tresfregosa/Library/Application Support/Code/User/globalStorage/vexrobotics.vexcode/sdk/cpp/V5/V5_20240802_15_00_00/vexv5/libv5rt.a(v5_apijump.c.obj)
                0x000000000380245c                vexDeviceImuStatusGet
 .text.vexDeviceAbsEncAngleGet
                0x0000000003802480       0x24 /Users/tresfregosa/Library/Application Support/Code/User/globalStorage/vexrobotics.vexcode/sdk/cpp/V5/V5_20240802_15_00_00/vexv5/libv5rt.a(v5_apijump.c.obj)
                0x0000000003802480                vexDeviceAbsEncAngleGet
 .text.vexDeviceAbsEncReverseFlagSet
                0x00000000038024a4       0x2c /Users/tresfregosa/Library/Application Support/Code/User/globalStorage/vexrobotics.vexcode/sdk/cpp/V5/V5_20240802_15_00_00/vexv5/libv5rt.a(v5_apijump.c.obj)
                0x00000000038024a4                vexDeviceAbsEncReverseFlagSet
 .text.vexDisplayForegroundColor
                0x00000000038024d0       0x24 /Users/tresfregosa/Library/Application Support/Code/User/globalStorage/vexrobotics.vexcode/sdk/cpp/V5/V5_20240802_15_00_00/vexv5/libv5rt.a(v5_apijump.c.obj)
                0x00000000038024d0                vexDisplayForegroundColor
 .text.vexDisplayBackgroundColor
                0x00000000038024f4       0x24 /Users/tresfregosa/Library/Application Support/Code/User/globalStorage/vexrobotics.vexcode/sdk/cpp/V5/V5_20240802_15_00_00/vexv5/libv5rt.a(v5_apijump.c.obj)
                0x00000000038024f4                vexDisplayBackgroundColor
 .text.vexDisplayBackgroundColorGet
                0x0000000003802518       0x1c /Users/tresfregosa/Library/Application Support/Code/User/globalStorage/vexrobotics.vexcode/sdk/cpp/V5/V5_20240802_15_00_00/vexv5/libv5rt.a(v5_apijump.c.obj)
                0x0000000003802518                vexDisplayBackgroundColorGet
 .text.vexDisplayRectClear
                0x0000000003802534       0x4c /Users/tresfregosa/Library/Application Support/Code/User/globalStorage/vexrobotics.vexcode/sdk/cpp/V5/V5_20240802_15_00_00/vexv5/libv5rt.a(v5_apijump.c.obj)
                0x0000000003802534                vexDisplayRectClear
 .text.vexDisplayVPrintf
                0x0000000003802580       0x50 /Users/tresfregosa/Library/Application Support/Code/User/globalStorage/vexrobotics.vexcode/sdk/cpp/V5/V5_20240802_15_00_00/vexv5/libv5rt.a(v5_apijump.c.obj)
                0x0000000003802580                vexDisplayVPrintf
 .text.vexDisplayTextReference
                0x00000000038025d0       0x24 /Users/tresfregosa/Library/Application Support/Code/User/globalStorage/vexrobotics.vexcode/sdk/cpp/V5/V5_20240802_15_00_00/vexv5/libv5rt.a(v5_apijump.c.obj)
                0x00000000038025d0                vexDisplayTextReference
 .text.vexDisplayTextSize
                0x00000000038025f4       0x2c /Users/tresfregosa/Library/Application Support/Code/User/globalStorage/vexrobotics.vexcode/sdk/cpp/V5/V5_20240802_15_00_00/vexv5/libv5rt.a(v5_apijump.c.obj)
                0x00000000038025f4                vexDisplayTextSize
 .text.vexDisplayFontNamedSet
                0x0000000003802620       0x24 /Users/tresfregosa/Library/Application Support/Code/User/globalStorage/vexrobotics.vexcode/sdk/cpp/V5/V5_20240802_15_00_00/vexv5/libv5rt.a(v5_apijump.c.obj)
                0x0000000003802620                vexDisplayFontNamedSet
 .text.vexSystemStdlibImpureDataAddr
                0x0000000003802644       0x28 /Users/tresfregosa/Library/Application Support/Code/User/globalStorage/vexrobotics.vexcode/sdk/cpp/V5/V5_20240802_15_00_00/vexv5/libv5rt.a(v5_apijump.c.obj)
                0x0000000003802644                vexSystemStdlibImpureDataAddr
 .text.vexSystemStdlibImpureDataSize
                0x000000000380266c       0x28 /Users/tresfregosa/Library/Application Support/Code/User/globalStorage/vexrobotics.vexcode/sdk/cpp/V5/V5_20240802_15_00_00/vexv5/libv5rt.a(v5_apijump.c.obj)
                0x000000000380266c                vexSystemStdlibImpureDataSize
 .text.vexSystemSaveUserData
                0x0000000003802694       0x3c /Users/tresfregosa/Library/Application Support/Code/User/globalStorage/vexrobotics.vexcode/sdk/cpp/V5/V5_20240802_15_00_00/vexv5/libv5rt.a(v5_apijump.c.obj)
                0x0000000003802694                vexSystemSaveUserData
 .text.vexTouchDataGet
                0x00000000038026d0       0x10 /Users/tresfregosa/Library/Application Support/Code/User/globalStorage/vexrobotics.vexcode/sdk/cpp/V5/V5_20240802_15_00_00/vexv5/libv5rt.a(v5_apijump.c.obj)
                0x00000000038026d0                vexTouchDataGet
 .text.vexDisplayThemeIdGet
                0x00000000038026e0       0x38 /Users/tresfregosa/Library/Application Support/Code/User/globalStorage/vexrobotics.vexcode/sdk/cpp/V5/V5_20240802_15_00_00/vexv5/libv5rt.a(v5_apijump.c.obj)
                0x00000000038026e0                vexDisplayThemeIdGet
 .text.vexBatteryCapacityGet
                0x0000000003802718       0x1c /Users/tresfregosa/Library/Application Support/Code/User/globalStorage/vexrobotics.vexcode/sdk/cpp/V5/V5_20240802_15_00_00/vexv5/libv5rt.a(v5_apijump.c.obj)
                0x0000000003802718                vexBatteryCapacityGet
 .text.vexDeviceEventMaskSet
                0x0000000003802734       0x48 /Users/tresfregosa/Library/Application Support/Code/User/globalStorage/vexrobotics.vexcode/sdk/cpp/V5/V5_20240802_15_00_00/vexv5/libv5rt.a(v5_apijump.c.obj)
                0x0000000003802734                vexDeviceEventMaskSet
 .text.vexDeviceEventMaskGet
                0x000000000380277c       0x3c /Users/tresfregosa/Library/Application Support/Code/User/globalStorage/vexrobotics.vexcode/sdk/cpp/V5/V5_20240802_15_00_00/vexv5/libv5rt.a(v5_apijump.c.obj)
                0x000000000380277c                vexDeviceEventMaskGet
 .text.vexSystemVersion
                0x00000000038027b8       0x10 /Users/tresfregosa/Library/Application Support/Code/User/globalStorage/vexrobotics.vexcode/sdk/cpp/V5/V5_20240802_15_00_00/vexv5/libv5rt.a(v5_apiversions.c.obj)
                0x00000000038027b8                vexSystemVersion
 .text.vexStdlibVersion
                0x00000000038027c8       0x10 /Users/tresfregosa/Library/Application Support/Code/User/globalStorage/vexrobotics.vexcode/sdk/cpp/V5/V5_20240802_15_00_00/vexv5/libv5rt.a(v5_apiversions.c.obj)
                0x00000000038027c8                vexStdlibVersion
 .text._ZN3vex4waitEdNS_9timeUnitsE
                0x00000000038027d8       0x30 /Users/tresfregosa/Library/Application Support/Code/User/globalStorage/vexrobotics.vexcode/sdk/cpp/V5/V5_20240802_15_00_00/vexv5/libv5rt.a(vex_global.cpp.obj)
                0x00000000038027d8                vex::wait(double, vex::timeUnits)
 .text._ZN3vex5motorD2Ev
                0x0000000003802808       0x20 /Users/tresfregosa/Library/Application Support/Code/User/globalStorage/vexrobotics.vexcode/sdk/cpp/V5/V5_20240802_15_00_00/vexv5/libv5rt.a(vex_motor.cpp.obj)
                0x0000000003802808                vex::motor::~motor()
                0x0000000003802808                vex::motor::~motor()
 .text._ZN3vex5motorD0Ev
                0x0000000003802828       0x1c /Users/tresfregosa/Library/Application Support/Code/User/globalStorage/vexrobotics.vexcode/sdk/cpp/V5/V5_20240802_15_00_00/vexv5/libv5rt.a(vex_motor.cpp.obj)
                0x0000000003802828                vex::motor::~motor()
 .text._ZN3vex5motor9installedEv
                0x0000000003802844       0x18 /Users/tresfregosa/Library/Application Support/Code/User/globalStorage/vexrobotics.vexcode/sdk/cpp/V5/V5_20240802_15_00_00/vexv5/libv5rt.a(vex_motor.cpp.obj)
                0x0000000003802844                vex::motor::installed()
 .text._ZN3vex5motor15defaultStoppingENS_9brakeTypeE
                0x000000000380285c       0x30 /Users/tresfregosa/Library/Application Support/Code/User/globalStorage/vexrobotics.vexcode/sdk/cpp/V5/V5_20240802_15_00_00/vexv5/libv5rt.a(vex_motor.cpp.obj)
                0x000000000380285c                vex::motor::defaultStopping(vex::brakeType)
 .text._ZN3vex5motorC2El
                0x000000000380288c       0x78 /Users/tresfregosa/Library/Application Support/Code/User/globalStorage/vexrobotics.vexcode/sdk/cpp/V5/V5_20240802_15_00_00/vexv5/libv5rt.a(vex_motor.cpp.obj)
                0x000000000380288c                vex::motor::motor(long)
                0x000000000380288c                vex::motor::motor(long)
 .text._ZN3vex5motorC2ElNS_11gearSettingEb
                0x0000000003802904       0x34 /Users/tresfregosa/Library/Application Support/Code/User/globalStorage/vexrobotics.vexcode/sdk/cpp/V5/V5_20240802_15_00_00/vexv5/libv5rt.a(vex_motor.cpp.obj)
                0x0000000003802904                vex::motor::motor(long, vex::gearSetting, bool)
                0x0000000003802904                vex::motor::motor(long, vex::gearSetting, bool)
 .text._ZN3vex5motorC2Elb
                0x0000000003802938       0x24 /Users/tresfregosa/Library/Application Support/Code/User/globalStorage/vexrobotics.vexcode/sdk/cpp/V5/V5_20240802_15_00_00/vexv5/libv5rt.a(vex_motor.cpp.obj)
                0x0000000003802938                vex::motor::motor(long, bool)
                0x0000000003802938                vex::motor::motor(long, bool)
 *fill*         0x000000000380295c        0x4 
 .text._ZN3vex5motor4spinENS_13directionTypeEdNS_12voltageUnitsE
                0x0000000003802960       0x50 /Users/tresfregosa/Library/Application Support/Code/User/globalStorage/vexrobotics.vexcode/sdk/cpp/V5/V5_20240802_15_00_00/vexv5/libv5rt.a(vex_motor.cpp.obj)
                0x0000000003802960                vex::motor::spin(vex::directionType, double, vex::voltageUnits)
 .text._ZN3vex5motor7currentENS_12currentUnitsE
                0x00000000038029b0       0x30 /Users/tresfregosa/Library/Application Support/Code/User/globalStorage/vexrobotics.vexcode/sdk/cpp/V5/V5_20240802_15_00_00/vexv5/libv5rt.a(vex_motor.cpp.obj)
                0x00000000038029b0                vex::motor::current(vex::currentUnits)
 .text._ZN3vex5motor10efficiencyENS_12percentUnitsE
                0x00000000038029e0        0x8 /Users/tresfregosa/Library/Application Support/Code/User/globalStorage/vexrobotics.vexcode/sdk/cpp/V5/V5_20240802_15_00_00/vexv5/libv5rt.a(vex_motor.cpp.obj)
                0x00000000038029e0                vex::motor::efficiency(vex::percentUnits)
 .text._ZN3vex5motor16velocityToScaledEdNS_13velocityUnitsE
                0x00000000038029e8       0x5c /Users/tresfregosa/Library/Application Support/Code/User/globalStorage/vexrobotics.vexcode/sdk/cpp/V5/V5_20240802_15_00_00/vexv5/libv5rt.a(vex_motor.cpp.obj)
                0x00000000038029e8                vex::motor::velocityToScaled(double, vex::velocityUnits)
 .text._ZN3vex5motor8velocityENS_13velocityUnitsE
                0x0000000003802a44       0x30 /Users/tresfregosa/Library/Application Support/Code/User/globalStorage/vexrobotics.vexcode/sdk/cpp/V5/V5_20240802_15_00_00/vexv5/libv5rt.a(vex_motor.cpp.obj)
                0x0000000003802a44                vex::motor::velocity(vex::velocityUnits)
 .text._ZN3vex5motor5valueEv
                0x0000000003802a74       0x1c /Users/tresfregosa/Library/Application Support/Code/User/globalStorage/vexrobotics.vexcode/sdk/cpp/V5/V5_20240802_15_00_00/vexv5/libv5rt.a(vex_motor.cpp.obj)
                0x0000000003802a74                vex::motor::value()
 .text._ZN3vex5motor16scaledToVelocityEdNS_13velocityUnitsE
                0x0000000003802a90       0xa4 /Users/tresfregosa/Library/Application Support/Code/User/globalStorage/vexrobotics.vexcode/sdk/cpp/V5/V5_20240802_15_00_00/vexv5/libv5rt.a(vex_motor.cpp.obj)
                0x0000000003802a90                vex::motor::scaledToVelocity(double, vex::velocityUnits)
 .text._ZN3vex5motor4spinENS_13directionTypeEdNS_13velocityUnitsE
                0x0000000003802b34       0x5c /Users/tresfregosa/Library/Application Support/Code/User/globalStorage/vexrobotics.vexcode/sdk/cpp/V5/V5_20240802_15_00_00/vexv5/libv5rt.a(vex_motor.cpp.obj)
                0x0000000003802b34                vex::motor::spin(vex::directionType, double, vex::velocityUnits)
 .text._ZN3vex5motor16setRotationUnitsENS_13rotationUnitsE
                0x0000000003802b90       0x1c /Users/tresfregosa/Library/Application Support/Code/User/globalStorage/vexrobotics.vexcode/sdk/cpp/V5/V5_20240802_15_00_00/vexv5/libv5rt.a(vex_motor.cpp.obj)
                0x0000000003802b90                vex::motor::setRotationUnits(vex::rotationUnits)
 .text._ZN3vex5motor8positionENS_13rotationUnitsE
                0x0000000003802bac       0x44 /Users/tresfregosa/Library/Application Support/Code/User/globalStorage/vexrobotics.vexcode/sdk/cpp/V5/V5_20240802_15_00_00/vexv5/libv5rt.a(vex_motor.cpp.obj)
                0x0000000003802bac                vex::motor::position(vex::rotationUnits)
 .text._ZN3vex8inertial11getTurnTypeEv
                0x0000000003802bf0        0x8 /Users/tresfregosa/Library/Application Support/Code/User/globalStorage/vexrobotics.vexcode/sdk/cpp/V5/V5_20240802_15_00_00/vexv5/libv5rt.a(vex_imu.cpp.obj)
                0x0000000003802bf0                vex::inertial::getTurnType()
 .text._ZThn16_N3vex8inertial11getTurnTypeEv
                0x0000000003802bf8        0x8 /Users/tresfregosa/Library/Application Support/Code/User/globalStorage/vexrobotics.vexcode/sdk/cpp/V5/V5_20240802_15_00_00/vexv5/libv5rt.a(vex_imu.cpp.obj)
                0x0000000003802bf8                non-virtual thunk to vex::inertial::getTurnType()
 .text._ZN3vex8inertial10setHeadingEdNS_13rotationUnitsE
                0x0000000003802c00       0x58 /Users/tresfregosa/Library/Application Support/Code/User/globalStorage/vexrobotics.vexcode/sdk/cpp/V5/V5_20240802_15_00_00/vexv5/libv5rt.a(vex_imu.cpp.obj)
                0x0000000003802c00                vex::inertial::setHeading(double, vex::rotationUnits)
 .text._ZThn16_N3vex8inertial10setHeadingEdNS_13rotationUnitsE
                0x0000000003802c58        0x8 /Users/tresfregosa/Library/Application Support/Code/User/globalStorage/vexrobotics.vexcode/sdk/cpp/V5/V5_20240802_15_00_00/vexv5/libv5rt.a(vex_imu.cpp.obj)
                0x0000000003802c58                non-virtual thunk to vex::inertial::setHeading(double, vex::rotationUnits)
 .text._ZN3vex8inertial11setRotationEdNS_13rotationUnitsE
                0x0000000003802c60       0x58 /Users/tresfregosa/Library/Application Support/Code/User/globalStorage/vexrobotics.vexcode/sdk/cpp/V5/V5_20240802_15_00_00/vexv5/libv5rt.a(vex_imu.cpp.obj)
                0x0000000003802c60                vex::inertial::setRotation(double, vex::rotationUnits)
 .text._ZThn16_N3vex8inertial11setRotationEdNS_13rotationUnitsE
                0x0000000003802cb8        0x8 /Users/tresfregosa/Library/Application Support/Code/User/globalStorage/vexrobotics.vexcode/sdk/cpp/V5/V5_20240802_15_00_00/vexv5/libv5rt.a(vex_imu.cpp.obj)
                0x0000000003802cb8                non-virtual thunk to vex::inertial::setRotation(double, vex::rotationUnits)
 .text._ZN3vex8inertialD2Ev
                0x0000000003802cc0       0x20 /Users/tresfregosa/Library/Application Support/Code/User/globalStorage/vexrobotics.vexcode/sdk/cpp/V5/V5_20240802_15_00_00/vexv5/libv5rt.a(vex_imu.cpp.obj)
                0x0000000003802cc0                vex::inertial::~inertial()
                0x0000000003802cc0                vex::inertial::~inertial()
 .text._ZThn16_N3vex8inertialD1Ev
                0x0000000003802ce0        0x8 /Users/tresfregosa/Library/Application Support/Code/User/globalStorage/vexrobotics.vexcode/sdk/cpp/V5/V5_20240802_15_00_00/vexv5/libv5rt.a(vex_imu.cpp.obj)
                0x0000000003802ce0                non-virtual thunk to vex::inertial::~inertial()
 .text._ZN3vex8inertialD0Ev
                0x0000000003802ce8       0x1c /Users/tresfregosa/Library/Application Support/Code/User/globalStorage/vexrobotics.vexcode/sdk/cpp/V5/V5_20240802_15_00_00/vexv5/libv5rt.a(vex_imu.cpp.obj)
                0x0000000003802ce8                vex::inertial::~inertial()
 .text._ZThn16_N3vex8inertialD0Ev
                0x0000000003802d04        0x8 /Users/tresfregosa/Library/Application Support/Code/User/globalStorage/vexrobotics.vexcode/sdk/cpp/V5/V5_20240802_15_00_00/vexv5/libv5rt.a(vex_imu.cpp.obj)
                0x0000000003802d04                non-virtual thunk to vex::inertial::~inertial()
 .text._ZN3vex8inertial9installedEv
                0x0000000003802d0c       0x18 /Users/tresfregosa/Library/Application Support/Code/User/globalStorage/vexrobotics.vexcode/sdk/cpp/V5/V5_20240802_15_00_00/vexv5/libv5rt.a(vex_imu.cpp.obj)
                0x0000000003802d0c                vex::inertial::installed()
 .text._ZN3vex8inertial5angleENS_13rotationUnitsE
                0x0000000003802d24       0x6c /Users/tresfregosa/Library/Application Support/Code/User/globalStorage/vexrobotics.vexcode/sdk/cpp/V5/V5_20240802_15_00_00/vexv5/libv5rt.a(vex_imu.cpp.obj)
                0x0000000003802d24                vex::inertial::angle(vex::rotationUnits)
 .text._ZThn16_N3vex8inertial5angleENS_13rotationUnitsE
                0x0000000003802d90        0x8 /Users/tresfregosa/Library/Application Support/Code/User/globalStorage/vexrobotics.vexcode/sdk/cpp/V5/V5_20240802_15_00_00/vexv5/libv5rt.a(vex_imu.cpp.obj)
                0x0000000003802d90                non-virtual thunk to vex::inertial::angle(vex::rotationUnits)
 .text._ZN3vex8inertial7headingENS_13rotationUnitsE
                0x0000000003802d98        0x4 /Users/tresfregosa/Library/Application Support/Code/User/globalStorage/vexrobotics.vexcode/sdk/cpp/V5/V5_20240802_15_00_00/vexv5/libv5rt.a(vex_imu.cpp.obj)
                0x0000000003802d98                vex::inertial::heading(vex::rotationUnits)
 .text._ZThn16_N3vex8inertial7headingENS_13rotationUnitsE
                0x0000000003802d9c        0x8 /Users/tresfregosa/Library/Application Support/Code/User/globalStorage/vexrobotics.vexcode/sdk/cpp/V5/V5_20240802_15_00_00/vexv5/libv5rt.a(vex_imu.cpp.obj)
                0x0000000003802d9c                non-virtual thunk to vex::inertial::heading(vex::rotationUnits)
 .text._ZN3vex8inertial5valueEv
                0x0000000003802da4       0x1c /Users/tresfregosa/Library/Application Support/Code/User/globalStorage/vexrobotics.vexcode/sdk/cpp/V5/V5_20240802_15_00_00/vexv5/libv5rt.a(vex_imu.cpp.obj)
                0x0000000003802da4                vex::inertial::value()
 .text._ZN3vex8inertial8rotationENS_13rotationUnitsE
                0x0000000003802dc0       0x48 /Users/tresfregosa/Library/Application Support/Code/User/globalStorage/vexrobotics.vexcode/sdk/cpp/V5/V5_20240802_15_00_00/vexv5/libv5rt.a(vex_imu.cpp.obj)
                0x0000000003802dc0                vex::inertial::rotation(vex::rotationUnits)
 .text._ZThn16_N3vex8inertial8rotationENS_13rotationUnitsE
                0x0000000003802e08        0x8 /Users/tresfregosa/Library/Application Support/Code/User/globalStorage/vexrobotics.vexcode/sdk/cpp/V5/V5_20240802_15_00_00/vexv5/libv5rt.a(vex_imu.cpp.obj)
                0x0000000003802e08                non-virtual thunk to vex::inertial::rotation(vex::rotationUnits)
 .text._ZN3vex8inertial13isCalibratingEv
                0x0000000003802e10       0x38 /Users/tresfregosa/Library/Application Support/Code/User/globalStorage/vexrobotics.vexcode/sdk/cpp/V5/V5_20240802_15_00_00/vexv5/libv5rt.a(vex_imu.cpp.obj)
                0x0000000003802e10                vex::inertial::isCalibrating()
 .text._ZThn16_N3vex8inertial13isCalibratingEv
                0x0000000003802e48        0x8 /Users/tresfregosa/Library/Application Support/Code/User/globalStorage/vexrobotics.vexcode/sdk/cpp/V5/V5_20240802_15_00_00/vexv5/libv5rt.a(vex_imu.cpp.obj)
                0x0000000003802e48                non-virtual thunk to vex::inertial::isCalibrating()
 .text._ZN3vex8inertialC2ElNS_8turnTypeE
                0x0000000003802e50       0x4c /Users/tresfregosa/Library/Application Support/Code/User/globalStorage/vexrobotics.vexcode/sdk/cpp/V5/V5_20240802_15_00_00/vexv5/libv5rt.a(vex_imu.cpp.obj)
                0x0000000003802e50                vex::inertial::inertial(long, vex::turnType)
                0x0000000003802e50                vex::inertial::inertial(long, vex::turnType)
 .text._ZN3vex8inertial16startCalibrationEl
                0x0000000003802e9c       0x20 /Users/tresfregosa/Library/Application Support/Code/User/globalStorage/vexrobotics.vexcode/sdk/cpp/V5/V5_20240802_15_00_00/vexv5/libv5rt.a(vex_imu.cpp.obj)
                0x0000000003802e9c                vex::inertial::startCalibration(long)
 .text._ZN3vex8inertial9calibrateEl
                0x0000000003802ebc        0xc /Users/tresfregosa/Library/Application Support/Code/User/globalStorage/vexrobotics.vexcode/sdk/cpp/V5/V5_20240802_15_00_00/vexv5/libv5rt.a(vex_imu.cpp.obj)
                0x0000000003802ebc                vex::inertial::calibrate(long)
                0x0000000003802ec0                non-virtual thunk to vex::inertial::calibrate(long)
 .text._ZN3vex8rotationD2Ev
                0x0000000003802ec8       0x20 /Users/tresfregosa/Library/Application Support/Code/User/globalStorage/vexrobotics.vexcode/sdk/cpp/V5/V5_20240802_15_00_00/vexv5/libv5rt.a(vex_rotation.cpp.obj)
                0x0000000003802ec8                vex::rotation::~rotation()
                0x0000000003802ec8                vex::rotation::~rotation()
 .text._ZN3vex8rotationD0Ev
                0x0000000003802ee8       0x1c /Users/tresfregosa/Library/Application Support/Code/User/globalStorage/vexrobotics.vexcode/sdk/cpp/V5/V5_20240802_15_00_00/vexv5/libv5rt.a(vex_rotation.cpp.obj)
                0x0000000003802ee8                vex::rotation::~rotation()
 .text._ZN3vex8rotation9installedEv
                0x0000000003802f04       0x18 /Users/tresfregosa/Library/Application Support/Code/User/globalStorage/vexrobotics.vexcode/sdk/cpp/V5/V5_20240802_15_00_00/vexv5/libv5rt.a(vex_rotation.cpp.obj)
                0x0000000003802f04                vex::rotation::installed()
 .text._ZN3vex8rotation5valueEv
                0x0000000003802f1c        0x8 /Users/tresfregosa/Library/Application Support/Code/User/globalStorage/vexrobotics.vexcode/sdk/cpp/V5/V5_20240802_15_00_00/vexv5/libv5rt.a(vex_rotation.cpp.obj)
                0x0000000003802f1c                vex::rotation::value()
 .text._ZN3vex8rotationC2Elb
                0x0000000003802f24       0x30 /Users/tresfregosa/Library/Application Support/Code/User/globalStorage/vexrobotics.vexcode/sdk/cpp/V5/V5_20240802_15_00_00/vexv5/libv5rt.a(vex_rotation.cpp.obj)
                0x0000000003802f24                vex::rotation::rotation(long, bool)
                0x0000000003802f24                vex::rotation::rotation(long, bool)
 .text._ZN3vex10controllerD2Ev
                0x0000000003802f54        0x4 /Users/tresfregosa/Library/Application Support/Code/User/globalStorage/vexrobotics.vexcode/sdk/cpp/V5/V5_20240802_15_00_00/vexv5/libv5rt.a(vex_controller.cpp.obj)
                0x0000000003802f54                vex::controller::~controller()
                0x0000000003802f54                vex::controller::~controller()
 .text._ZN3vex10controller5valueE19_V5_ControllerIndex
                0x0000000003802f58        0x8 /Users/tresfregosa/Library/Application Support/Code/User/globalStorage/vexrobotics.vexcode/sdk/cpp/V5/V5_20240802_15_00_00/vexv5/libv5rt.a(vex_controller.cpp.obj)
                0x0000000003802f58                vex::controller::value(_V5_ControllerIndex)
 .text._ZNK3vex10controller6button8pressingEv
                0x0000000003802f60       0xc8 /Users/tresfregosa/Library/Application Support/Code/User/globalStorage/vexrobotics.vexcode/sdk/cpp/V5/V5_20240802_15_00_00/vexv5/libv5rt.a(vex_controller.cpp.obj)
                0x0000000003802f60                vex::controller::button::pressing() const
 .text._ZNK3vex10controller6button21_buttonToPressedEventEv
                0x0000000003803028       0x20 /Users/tresfregosa/Library/Application Support/Code/User/globalStorage/vexrobotics.vexcode/sdk/cpp/V5/V5_20240802_15_00_00/vexv5/libv5rt.a(vex_controller.cpp.obj)
                0x0000000003803028                vex::controller::button::_buttonToPressedEvent() const
 .text._ZNK3vex10controller6button22_buttonToReleasedEventEv
                0x0000000003803048       0x20 /Users/tresfregosa/Library/Application Support/Code/User/globalStorage/vexrobotics.vexcode/sdk/cpp/V5/V5_20240802_15_00_00/vexv5/libv5rt.a(vex_controller.cpp.obj)
                0x0000000003803048                vex::controller::button::_buttonToReleasedEvent() const
 .text._ZN3vex10controller6buttonC2ENS0_11tButtonTypeEPS0_
                0x0000000003803068       0x48 /Users/tresfregosa/Library/Application Support/Code/User/globalStorage/vexrobotics.vexcode/sdk/cpp/V5/V5_20240802_15_00_00/vexv5/libv5rt.a(vex_controller.cpp.obj)
                0x0000000003803068                vex::controller::button::button(vex::controller::tButtonType, vex::controller*)
                0x0000000003803068                vex::controller::button::button(vex::controller::tButtonType, vex::controller*)
 .text._ZNK3vex10controller4axis5valueEv
                0x00000000038030b0       0x58 /Users/tresfregosa/Library/Application Support/Code/User/globalStorage/vexrobotics.vexcode/sdk/cpp/V5/V5_20240802_15_00_00/vexv5/libv5rt.a(vex_controller.cpp.obj)
                0x00000000038030b0                vex::controller::axis::value() const
 .text._ZNK3vex10controller4axis23_joystickToChangedEventEv
                0x0000000003803108       0x20 /Users/tresfregosa/Library/Application Support/Code/User/globalStorage/vexrobotics.vexcode/sdk/cpp/V5/V5_20240802_15_00_00/vexv5/libv5rt.a(vex_controller.cpp.obj)
                0x0000000003803108                vex::controller::axis::_joystickToChangedEvent() const
 .text._ZN3vex10controller4axisC2ENS0_9tAxisTypeEPS0_
                0x0000000003803128       0x2c /Users/tresfregosa/Library/Application Support/Code/User/globalStorage/vexrobotics.vexcode/sdk/cpp/V5/V5_20240802_15_00_00/vexv5/libv5rt.a(vex_controller.cpp.obj)
                0x0000000003803128                vex::controller::axis::axis(vex::controller::tAxisType, vex::controller*)
                0x0000000003803128                vex::controller::axis::axis(vex::controller::tAxisType, vex::controller*)
 .text._ZN3vex10controllerC2ENS_14controllerTypeE
                0x0000000003803154      0x16c /Users/tresfregosa/Library/Application Support/Code/User/globalStorage/vexrobotics.vexcode/sdk/cpp/V5/V5_20240802_15_00_00/vexv5/libv5rt.a(vex_controller.cpp.obj)
                0x0000000003803154                vex::controller::controller(vex::controllerType)
                0x0000000003803154                vex::controller::controller(vex::controllerType)
 .text._ZN3vex10controllerC2Ev
                0x00000000038032c0      0x164 /Users/tresfregosa/Library/Application Support/Code/User/globalStorage/vexrobotics.vexcode/sdk/cpp/V5/V5_20240802_15_00_00/vexv5/libv5rt.a(vex_controller.cpp.obj)
                0x00000000038032c0                vex::controller::controller()
                0x00000000038032c0                vex::controller::controller()
 .text._ZN3vex4taskC2Ev
                0x0000000003803424       0x28 /Users/tresfregosa/Library/Application Support/Code/User/globalStorage/vexrobotics.vexcode/sdk/cpp/V5/V5_20240802_15_00_00/vexv5/libv5rt.a(vex_task.cpp.obj)
                0x0000000003803424                vex::task::task()
                0x0000000003803424                vex::task::task()
 .text._ZN3vex4taskC2EPFivE
                0x000000000380344c       0x5c /Users/tresfregosa/Library/Application Support/Code/User/globalStorage/vexrobotics.vexcode/sdk/cpp/V5/V5_20240802_15_00_00/vexv5/libv5rt.a(vex_task.cpp.obj)
                0x000000000380344c                vex::task::task(int (*)())
                0x000000000380344c                vex::task::task(int (*)())
 .text._ZN3vex4taskD2Ev
                0x00000000038034a8        0x4 /Users/tresfregosa/Library/Application Support/Code/User/globalStorage/vexrobotics.vexcode/sdk/cpp/V5/V5_20240802_15_00_00/vexv5/libv5rt.a(vex_task.cpp.obj)
                0x00000000038034a8                vex::task::~task()
                0x00000000038034a8                vex::task::~task()
 .text._ZN3vex4task4stopEPvi
                0x00000000038034ac       0x1c /Users/tresfregosa/Library/Application Support/Code/User/globalStorage/vexrobotics.vexcode/sdk/cpp/V5/V5_20240802_15_00_00/vexv5/libv5rt.a(vex_task.cpp.obj)
                0x00000000038034ac                vex::task::stop(void*, int)
 .text._ZN3vex4task4stopEv
                0x00000000038034c8       0x18 /Users/tresfregosa/Library/Application Support/Code/User/globalStorage/vexrobotics.vexcode/sdk/cpp/V5/V5_20240802_15_00_00/vexv5/libv5rt.a(vex_task.cpp.obj)
                0x00000000038034c8                vex::task::stop()
 .text._ZN3vex4task5sleepEm
                0x00000000038034e0        0x4 /Users/tresfregosa/Library/Application Support/Code/User/globalStorage/vexrobotics.vexcode/sdk/cpp/V5/V5_20240802_15_00_00/vexv5/libv5rt.a(vex_task.cpp.obj)
                0x00000000038034e0                vex::task::sleep(unsigned long)
 .text._ZN3vex4task6_indexEPFivE
                0x00000000038034e4       0x14 /Users/tresfregosa/Library/Application Support/Code/User/globalStorage/vexrobotics.vexcode/sdk/cpp/V5/V5_20240802_15_00_00/vexv5/libv5rt.a(vex_task.cpp.obj)
                0x00000000038034e4                vex::task::_index(int (*)())
 .text._ZN3vex4task8_stopAllEv
                0x00000000038034f8       0x3c /Users/tresfregosa/Library/Application Support/Code/User/globalStorage/vexrobotics.vexcode/sdk/cpp/V5/V5_20240802_15_00_00/vexv5/libv5rt.a(vex_task.cpp.obj)
                0x00000000038034f8                vex::task::_stopAll()
 .text._ZN3vex11this_thread9sleep_forEm
                0x0000000003803534        0x4 /Users/tresfregosa/Library/Application Support/Code/User/globalStorage/vexrobotics.vexcode/sdk/cpp/V5/V5_20240802_15_00_00/vexv5/libv5rt.a(vex_thread.cpp.obj)
                0x0000000003803534                vex::this_thread::sleep_for(unsigned long)
 .text._ZN3vex5event4initEmmPFvvE
                0x0000000003803538        0x4 /Users/tresfregosa/Library/Application Support/Code/User/globalStorage/vexrobotics.vexcode/sdk/cpp/V5/V5_20240802_15_00_00/vexv5/libv5rt.a(vex_event.cpp.obj)
                0x0000000003803538                vex::event::init(unsigned long, unsigned long, void (*)())
 .text._ZN3vex5event4initEmmPFvPvES1_
                0x000000000380353c        0x4 /Users/tresfregosa/Library/Application Support/Code/User/globalStorage/vexrobotics.vexcode/sdk/cpp/V5/V5_20240802_15_00_00/vexv5/libv5rt.a(vex_event.cpp.obj)
                0x000000000380353c                vex::event::init(unsigned long, unsigned long, void (*)(void*), void*)
 .text._ZN3vex5event9userindexEv
                0x0000000003803540        0x4 /Users/tresfregosa/Library/Application Support/Code/User/globalStorage/vexrobotics.vexcode/sdk/cpp/V5/V5_20240802_15_00_00/vexv5/libv5rt.a(vex_event.cpp.obj)
                0x0000000003803540                vex::event::userindex()
 .text._ZZN3vex6meventC4EmmENUlvE_4_FUNEv
                0x0000000003803544        0x4 /Users/tresfregosa/Library/Application Support/Code/User/globalStorage/vexrobotics.vexcode/sdk/cpp/V5/V5_20240802_15_00_00/vexv5/libv5rt.a(vex_mevent.cpp.obj)
 .text._ZN3vex6meventC2Emm
                0x0000000003803548       0x70 /Users/tresfregosa/Library/Application Support/Code/User/globalStorage/vexrobotics.vexcode/sdk/cpp/V5/V5_20240802_15_00_00/vexv5/libv5rt.a(vex_mevent.cpp.obj)
                0x0000000003803548                vex::mevent::mevent(unsigned long, unsigned long)
                0x0000000003803548                vex::mevent::mevent(unsigned long, unsigned long)
 .text._ZN3vex5brain9_getIndexEv
                0x00000000038035b8       0x10 /Users/tresfregosa/Library/Application Support/Code/User/globalStorage/vexrobotics.vexcode/sdk/cpp/V5/V5_20240802_15_00_00/vexv5/libv5rt.a(vex_brain.cpp.obj)
                0x00000000038035b8                vex::brain::_getIndex()
 .text._ZN3vex5brain3lcd9setCursorEll
                0x00000000038035c8       0x44 /Users/tresfregosa/Library/Application Support/Code/User/globalStorage/vexrobotics.vexcode/sdk/cpp/V5/V5_20240802_15_00_00/vexv5/libv5rt.a(vex_brain.cpp.obj)
                0x00000000038035c8                vex::brain::lcd::setCursor(long, long)
 .text._ZN3vex5brain3lcd7setFontENS_8fontTypeE
                0x000000000380360c      0x23c /Users/tresfregosa/Library/Application Support/Code/User/globalStorage/vexrobotics.vexcode/sdk/cpp/V5/V5_20240802_15_00_00/vexv5/libv5rt.a(vex_brain.cpp.obj)
                0x000000000380360c                vex::brain::lcd::setFont(vex::fontType)
 .text._ZN3vex5brain3lcdC2Ev
                0x0000000003803848       0x94 /Users/tresfregosa/Library/Application Support/Code/User/globalStorage/vexrobotics.vexcode/sdk/cpp/V5/V5_20240802_15_00_00/vexv5/libv5rt.a(vex_brain.cpp.obj)
                0x0000000003803848                vex::brain::lcd::lcd()
                0x0000000003803848                vex::brain::lcd::lcd()
 .text._ZN3vex5brainC2Ev
                0x00000000038038dc       0x3c /Users/tresfregosa/Library/Application Support/Code/User/globalStorage/vexrobotics.vexcode/sdk/cpp/V5/V5_20240802_15_00_00/vexv5/libv5rt.a(vex_brain.cpp.obj)
                0x00000000038038dc                vex::brain::brain()
                0x00000000038038dc                vex::brain::brain()
 .text._ZN3vex5brain3lcd7printAtEllPKcz
                0x0000000003803918       0x54 /Users/tresfregosa/Library/Application Support/Code/User/globalStorage/vexrobotics.vexcode/sdk/cpp/V5/V5_20240802_15_00_00/vexv5/libv5rt.a(vex_brain.cpp.obj)
                0x0000000003803918                vex::brain::lcd::printAt(long, long, char const*, ...)
 .text._ZN3vex5brain3lcd12_clearScreenEm
                0x000000000380396c       0x38 /Users/tresfregosa/Library/Application Support/Code/User/globalStorage/vexrobotics.vexcode/sdk/cpp/V5/V5_20240802_15_00_00/vexv5/libv5rt.a(vex_brain.cpp.obj)
                0x000000000380396c                vex::brain::lcd::_clearScreen(unsigned long)
 .text._ZN3vex5brain3lcd11clearScreenERKNS_5colorE
                0x00000000038039a4       0x20 /Users/tresfregosa/Library/Application Support/Code/User/globalStorage/vexrobotics.vexcode/sdk/cpp/V5/V5_20240802_15_00_00/vexv5/libv5rt.a(vex_brain.cpp.obj)
                0x00000000038039a4                vex::brain::lcd::clearScreen(vex::color const&)
 .text._ZN3vex5brain3lcd11clearScreenEv
                0x00000000038039c4       0x2c /Users/tresfregosa/Library/Application Support/Code/User/globalStorage/vexrobotics.vexcode/sdk/cpp/V5/V5_20240802_15_00_00/vexv5/libv5rt.a(vex_brain.cpp.obj)
                0x00000000038039c4                vex::brain::lcd::clearScreen()
 .text._ZN3vex5brain3lcd8pressingEv
                0x00000000038039f0       0x20 /Users/tresfregosa/Library/Application Support/Code/User/globalStorage/vexrobotics.vexcode/sdk/cpp/V5/V5_20240802_15_00_00/vexv5/libv5rt.a(vex_brain.cpp.obj)
                0x00000000038039f0                vex::brain::lcd::pressing()
 .text._ZN3vex5brain7battery8capacityENS_12percentUnitsE
                0x0000000003803a10       0x18 /Users/tresfregosa/Library/Application Support/Code/User/globalStorage/vexrobotics.vexcode/sdk/cpp/V5/V5_20240802_15_00_00/vexv5/libv5rt.a(vex_brain.cpp.obj)
                0x0000000003803a10                vex::brain::battery::capacity(vex::percentUnits)
 .text._ZN3vex5brainD2Ev
                0x0000000003803a28       0x20 /Users/tresfregosa/Library/Application Support/Code/User/globalStorage/vexrobotics.vexcode/sdk/cpp/V5/V5_20240802_15_00_00/vexv5/libv5rt.a(vex_brain.cpp.obj)
                0x0000000003803a28                vex::brain::~brain()
                0x0000000003803a28                vex::brain::~brain()
 .text._ZN3vex11competition8_disableEPv
                0x0000000003803a48       0xa4 /Users/tresfregosa/Library/Application Support/Code/User/globalStorage/vexrobotics.vexcode/sdk/cpp/V5/V5_20240802_15_00_00/vexv5/libv5rt.a(vex_competition.cpp.obj)
                0x0000000003803a48                vex::competition::_disable(void*)
 .text._ZN3vex11competition11_autonomousEv
                0x0000000003803aec       0x80 /Users/tresfregosa/Library/Application Support/Code/User/globalStorage/vexrobotics.vexcode/sdk/cpp/V5/V5_20240802_15_00_00/vexv5/libv5rt.a(vex_competition.cpp.obj)
                0x0000000003803aec                vex::competition::_autonomous()
 .text._ZN3vex11competition14_drivercontrolEv
                0x0000000003803b6c       0x80 /Users/tresfregosa/Library/Application Support/Code/User/globalStorage/vexrobotics.vexcode/sdk/cpp/V5/V5_20240802_15_00_00/vexv5/libv5rt.a(vex_competition.cpp.obj)
                0x0000000003803b6c                vex::competition::_drivercontrol()
 .text._ZN3vex11competitionC2Ev
                0x0000000003803bec      0x13c /Users/tresfregosa/Library/Application Support/Code/User/globalStorage/vexrobotics.vexcode/sdk/cpp/V5/V5_20240802_15_00_00/vexv5/libv5rt.a(vex_competition.cpp.obj)
                0x0000000003803bec                vex::competition::competition()
                0x0000000003803bec                vex::competition::competition()
 .text._ZN3vex11competitionD2Ev
                0x0000000003803d28        0x4 /Users/tresfregosa/Library/Application Support/Code/User/globalStorage/vexrobotics.vexcode/sdk/cpp/V5/V5_20240802_15_00_00/vexv5/libv5rt.a(vex_competition.cpp.obj)
                0x0000000003803d28                vex::competition::~competition()
                0x0000000003803d28                vex::competition::~competition()
 .text._ZN3vex11competition10autonomousEPFvvE
                0x0000000003803d2c       0x44 /Users/tresfregosa/Library/Application Support/Code/User/globalStorage/vexrobotics.vexcode/sdk/cpp/V5/V5_20240802_15_00_00/vexv5/libv5rt.a(vex_competition.cpp.obj)
                0x0000000003803d2c                vex::competition::autonomous(void (*)())
 .text._ZN3vex11competition13drivercontrolEPFvvE
                0x0000000003803d70       0x44 /Users/tresfregosa/Library/Application Support/Code/User/globalStorage/vexrobotics.vexcode/sdk/cpp/V5/V5_20240802_15_00_00/vexv5/libv5rt.a(vex_competition.cpp.obj)
                0x0000000003803d70                vex::competition::drivercontrol(void (*)())
 .text._ZN3vex7triportD2Ev
                0x0000000003803db4       0x38 /Users/tresfregosa/Library/Application Support/Code/User/globalStorage/vexrobotics.vexcode/sdk/cpp/V5/V5_20240802_15_00_00/vexv5/libv5rt.a(vex_triport.cpp.obj)
                0x0000000003803db4                vex::triport::~triport()
                0x0000000003803db4                vex::triport::~triport()
 .text._ZN3vex7triportD0Ev
                0x0000000003803dec       0x1c /Users/tresfregosa/Library/Application Support/Code/User/globalStorage/vexrobotics.vexcode/sdk/cpp/V5/V5_20240802_15_00_00/vexv5/libv5rt.a(vex_triport.cpp.obj)
                0x0000000003803dec                vex::triport::~triport()
 .text._ZN3vex7triport9installedEv
                0x0000000003803e08       0x18 /Users/tresfregosa/Library/Application Support/Code/User/globalStorage/vexrobotics.vexcode/sdk/cpp/V5/V5_20240802_15_00_00/vexv5/libv5rt.a(vex_triport.cpp.obj)
                0x0000000003803e08                vex::triport::installed()
 .text._ZN3vex7triport4portC2ElPS0_
                0x0000000003803e20       0x74 /Users/tresfregosa/Library/Application Support/Code/User/globalStorage/vexrobotics.vexcode/sdk/cpp/V5/V5_20240802_15_00_00/vexv5/libv5rt.a(vex_triport.cpp.obj)
                0x0000000003803e20                vex::triport::port::port(long, vex::triport*)
                0x0000000003803e20                vex::triport::port::port(long, vex::triport*)
 .text._ZN3vex7triportC2El
                0x0000000003803e94       0xf0 /Users/tresfregosa/Library/Application Support/Code/User/globalStorage/vexrobotics.vexcode/sdk/cpp/V5/V5_20240802_15_00_00/vexv5/libv5rt.a(vex_triport.cpp.obj)
                0x0000000003803e94                vex::triport::triport(long)
                0x0000000003803e94                vex::triport::triport(long)
 .text._ZN3vex7triport4port4typeENS_11triportTypeE
                0x0000000003803f84       0x30 /Users/tresfregosa/Library/Application Support/Code/User/globalStorage/vexrobotics.vexcode/sdk/cpp/V5/V5_20240802_15_00_00/vexv5/libv5rt.a(vex_triport.cpp.obj)
                0x0000000003803f84                vex::triport::port::type(vex::triportType)
 .text._ZN3vex7triport4port4typeEv
                0x0000000003803fb4       0x38 /Users/tresfregosa/Library/Application Support/Code/User/globalStorage/vexrobotics.vexcode/sdk/cpp/V5/V5_20240802_15_00_00/vexv5/libv5rt.a(vex_triport.cpp.obj)
                0x0000000003803fb4                vex::triport::port::type()
 .text._ZN3vex7triport4port5valueEv
                0x0000000003803fec       0x14 /Users/tresfregosa/Library/Application Support/Code/User/globalStorage/vexrobotics.vexcode/sdk/cpp/V5/V5_20240802_15_00_00/vexv5/libv5rt.a(vex_triport.cpp.obj)
                0x0000000003803fec                vex::triport::port::value()
 .text._ZN3vex7triport4port5valueEl
                0x0000000003804000       0x18 /Users/tresfregosa/Library/Application Support/Code/User/globalStorage/vexrobotics.vexcode/sdk/cpp/V5/V5_20240802_15_00_00/vexv5/libv5rt.a(vex_triport.cpp.obj)
                0x0000000003804000                vex::triport::port::value(long)
 .text._ZN3vex11__trideviceC2ERNS_7triport4portENS_11triportTypeE
                0x0000000003804018       0x5c /Users/tresfregosa/Library/Application Support/Code/User/globalStorage/vexrobotics.vexcode/sdk/cpp/V5/V5_20240802_15_00_00/vexv5/libv5rt.a(vex_triport.cpp.obj)
                0x0000000003804018                vex::__tridevice::__tridevice(vex::triport::port&, vex::triportType)
                0x0000000003804018                vex::__tridevice::__tridevice(vex::triport::port&, vex::triportType)
 .text._ZN3vex11digital_outC2ERNS_7triport4portE
                0x0000000003804074       0x18 /Users/tresfregosa/Library/Application Support/Code/User/globalStorage/vexrobotics.vexcode/sdk/cpp/V5/V5_20240802_15_00_00/vexv5/libv5rt.a(vex_triport.cpp.obj)
                0x0000000003804074                vex::digital_out::digital_out(vex::triport::port&)
                0x0000000003804074                vex::digital_out::digital_out(vex::triport::port&)
 .text._ZN3vex11digital_outD2Ev
                0x000000000380408c        0x4 /Users/tresfregosa/Library/Application Support/Code/User/globalStorage/vexrobotics.vexcode/sdk/cpp/V5/V5_20240802_15_00_00/vexv5/libv5rt.a(vex_triport.cpp.obj)
                0x000000000380408c                vex::digital_out::~digital_out()
                0x000000000380408c                vex::digital_out::~digital_out()
 .text._ZN3vex11digital_out3setEb
                0x0000000003804090        0x8 /Users/tresfregosa/Library/Application Support/Code/User/globalStorage/vexrobotics.vexcode/sdk/cpp/V5/V5_20240802_15_00_00/vexv5/libv5rt.a(vex_triport.cpp.obj)
                0x0000000003804090                vex::digital_out::set(bool)
 .text._ZN3vex11digital_outcvbEv
                0x0000000003804098       0x1c /Users/tresfregosa/Library/Application Support/Code/User/globalStorage/vexrobotics.vexcode/sdk/cpp/V5/V5_20240802_15_00_00/vexv5/libv5rt.a(vex_triport.cpp.obj)
                0x0000000003804098                vex::digital_out::operator bool()
 .text._ZN3vex11digital_outaSEl
                0x00000000038040b4        0xc /Users/tresfregosa/Library/Application Support/Code/User/globalStorage/vexrobotics.vexcode/sdk/cpp/V5/V5_20240802_15_00_00/vexv5/libv5rt.a(vex_triport.cpp.obj)
                0x00000000038040b4                vex::digital_out::operator=(long)
 .text._ZN3vex7encoderC2ERNS_7triport4portE
                0x00000000038040c0       0x20 /Users/tresfregosa/Library/Application Support/Code/User/globalStorage/vexrobotics.vexcode/sdk/cpp/V5/V5_20240802_15_00_00/vexv5/libv5rt.a(vex_triport.cpp.obj)
                0x00000000038040c0                vex::encoder::encoder(vex::triport::port&)
                0x00000000038040c0                vex::encoder::encoder(vex::triport::port&)
 .text._ZN3vex7encoderD2Ev
                0x00000000038040e0        0x4 /Users/tresfregosa/Library/Application Support/Code/User/globalStorage/vexrobotics.vexcode/sdk/cpp/V5/V5_20240802_15_00_00/vexv5/libv5rt.a(vex_triport.cpp.obj)
                0x00000000038040e0                vex::encoder::~encoder()
                0x00000000038040e0                vex::encoder::~encoder()
 .text._ZN3vex5colorD2Ev
                0x00000000038040e4        0x4 /Users/tresfregosa/Library/Application Support/Code/User/globalStorage/vexrobotics.vexcode/sdk/cpp/V5/V5_20240802_15_00_00/vexv5/libv5rt.a(vex_color.cpp.obj)
                0x00000000038040e4                vex::color::~color()
                0x00000000038040e4                vex::color::~color()
 .text._ZNK3vex5colorcvmEv
                0x00000000038040e8        0x8 /Users/tresfregosa/Library/Application Support/Code/User/globalStorage/vexrobotics.vexcode/sdk/cpp/V5/V5_20240802_15_00_00/vexv5/libv5rt.a(vex_color.cpp.obj)
                0x00000000038040e8                vex::color::operator unsigned long() const
 .text.startup._GLOBAL__sub_I__ZN3vex5color5blackE
                0x00000000038040f0      0x164 /Users/tresfregosa/Library/Application Support/Code/User/globalStorage/vexrobotics.vexcode/sdk/cpp/V5/V5_20240802_15_00_00/vexv5/libv5rt.a(vex_color.cpp.obj)
 .text._ZN3vex5timerD2Ev
                0x0000000003804254        0x4 /Users/tresfregosa/Library/Application Support/Code/User/globalStorage/vexrobotics.vexcode/sdk/cpp/V5/V5_20240802_15_00_00/vexv5/libv5rt.a(vex_timer.cpp.obj)
                0x0000000003804254                vex::timer::~timer()
                0x0000000003804254                vex::timer::~timer()
 .text._ZN3vex5timer5clearEv
                0x0000000003804258       0x1c /Users/tresfregosa/Library/Application Support/Code/User/globalStorage/vexrobotics.vexcode/sdk/cpp/V5/V5_20240802_15_00_00/vexv5/libv5rt.a(vex_timer.cpp.obj)
                0x0000000003804258                vex::timer::clear()
 .text._ZN3vex5timerC2Ev
                0x0000000003804274       0x14 /Users/tresfregosa/Library/Application Support/Code/User/globalStorage/vexrobotics.vexcode/sdk/cpp/V5/V5_20240802_15_00_00/vexv5/libv5rt.a(vex_timer.cpp.obj)
                0x0000000003804274                vex::timer::timer()
                0x0000000003804274                vex::timer::timer()
 .text._ZN3vex11motor_group18motor_group_motorsC2Ev
                0x0000000003804288       0x28 /Users/tresfregosa/Library/Application Support/Code/User/globalStorage/vexrobotics.vexcode/sdk/cpp/V5/V5_20240802_15_00_00/vexv5/libv5rt.a(vex_motorgroup.cpp.obj)
                0x0000000003804288                vex::motor_group::motor_group_motors::motor_group_motors()
                0x0000000003804288                vex::motor_group::motor_group_motors::motor_group_motors()
 .text._ZN3vex11motor_group18motor_group_motorsC2ERKS1_
                0x00000000038042b0       0x20 /Users/tresfregosa/Library/Application Support/Code/User/globalStorage/vexrobotics.vexcode/sdk/cpp/V5/V5_20240802_15_00_00/vexv5/libv5rt.a(vex_motorgroup.cpp.obj)
                0x00000000038042b0                vex::motor_group::motor_group_motors::motor_group_motors(vex::motor_group::motor_group_motors const&)
                0x00000000038042b0                vex::motor_group::motor_group_motors::motor_group_motors(vex::motor_group::motor_group_motors const&)
 .text._ZN3vex11motor_groupC2Ev
                0x00000000038042d0       0x1c /Users/tresfregosa/Library/Application Support/Code/User/globalStorage/vexrobotics.vexcode/sdk/cpp/V5/V5_20240802_15_00_00/vexv5/libv5rt.a(vex_motorgroup.cpp.obj)
                0x00000000038042d0                vex::motor_group::motor_group()
                0x00000000038042d0                vex::motor_group::motor_group()
 .text._ZN3vex11motor_groupD2Ev
                0x00000000038042ec        0x4 /Users/tresfregosa/Library/Application Support/Code/User/globalStorage/vexrobotics.vexcode/sdk/cpp/V5/V5_20240802_15_00_00/vexv5/libv5rt.a(vex_motorgroup.cpp.obj)
                0x00000000038042ec                vex::motor_group::~motor_group()
                0x00000000038042ec                vex::motor_group::~motor_group()
 .text._ZN3vex11motor_group9_addMotorERNS_5motorE
                0x00000000038042f0       0x20 /Users/tresfregosa/Library/Application Support/Code/User/globalStorage/vexrobotics.vexcode/sdk/cpp/V5/V5_20240802_15_00_00/vexv5/libv5rt.a(vex_motorgroup.cpp.obj)
                0x00000000038042f0                vex::motor_group::_addMotor(vex::motor&)
 .text._ZN3vex11motor_group4spinENS_13directionTypeEdNS_12voltageUnitsE
                0x0000000003804310       0x54 /Users/tresfregosa/Library/Application Support/Code/User/globalStorage/vexrobotics.vexcode/sdk/cpp/V5/V5_20240802_15_00_00/vexv5/libv5rt.a(vex_motorgroup.cpp.obj)
                0x0000000003804310                vex::motor_group::spin(vex::directionType, double, vex::voltageUnits)
 .text._ZN3vex11motor_group8positionENS_13rotationUnitsE
                0x0000000003804364        0xc /Users/tresfregosa/Library/Application Support/Code/User/globalStorage/vexrobotics.vexcode/sdk/cpp/V5/V5_20240802_15_00_00/vexv5/libv5rt.a(vex_motorgroup.cpp.obj)
                0x0000000003804364                vex::motor_group::position(vex::rotationUnits)
 .text.vexAdiPortConfigSet
                0x0000000003804370       0x28 /Users/tresfregosa/Library/Application Support/Code/User/globalStorage/vexrobotics.vexcode/sdk/cpp/V5/V5_20240802_15_00_00/vexv5/libv5rt.a(v5_apiuser.c.obj)
                0x0000000003804370                vexAdiPortConfigSet
 .text.vexAdiPortConfigGet
                0x0000000003804398       0x28 /Users/tresfregosa/Library/Application Support/Code/User/globalStorage/vexrobotics.vexcode/sdk/cpp/V5/V5_20240802_15_00_00/vexv5/libv5rt.a(v5_apiuser.c.obj)
                0x0000000003804398                vexAdiPortConfigGet
 .text.vexAdiValueSet
                0x00000000038043c0       0x28 /Users/tresfregosa/Library/Application Support/Code/User/globalStorage/vexrobotics.vexcode/sdk/cpp/V5/V5_20240802_15_00_00/vexv5/libv5rt.a(v5_apiuser.c.obj)
                0x00000000038043c0                vexAdiValueSet
 .text.vexAdiValueGet
                0x00000000038043e8       0x20 /Users/tresfregosa/Library/Application Support/Code/User/globalStorage/vexrobotics.vexcode/sdk/cpp/V5/V5_20240802_15_00_00/vexv5/libv5rt.a(v5_apiuser.c.obj)
                0x00000000038043e8                vexAdiValueGet
 .text.vexMotorVelocitySet
                0x0000000003804408       0x20 /Users/tresfregosa/Library/Application Support/Code/User/globalStorage/vexrobotics.vexcode/sdk/cpp/V5/V5_20240802_15_00_00/vexv5/libv5rt.a(v5_apiuser.c.obj)
                0x0000000003804408                vexMotorVelocitySet
 .text.vexMotorVoltageSet
                0x0000000003804428       0x20 /Users/tresfregosa/Library/Application Support/Code/User/globalStorage/vexrobotics.vexcode/sdk/cpp/V5/V5_20240802_15_00_00/vexv5/libv5rt.a(v5_apiuser.c.obj)
                0x0000000003804428                vexMotorVoltageSet
 .text.vexMotorActualVelocityGet
                0x0000000003804448       0x24 /Users/tresfregosa/Library/Application Support/Code/User/globalStorage/vexrobotics.vexcode/sdk/cpp/V5/V5_20240802_15_00_00/vexv5/libv5rt.a(v5_apiuser.c.obj)
                0x0000000003804448                vexMotorActualVelocityGet
 .text.vexMotorCurrentGet
                0x000000000380446c       0x18 /Users/tresfregosa/Library/Application Support/Code/User/globalStorage/vexrobotics.vexcode/sdk/cpp/V5/V5_20240802_15_00_00/vexv5/libv5rt.a(v5_apiuser.c.obj)
                0x000000000380446c                vexMotorCurrentGet
 .text.vexMotorEfficiencyGet
                0x0000000003804484       0x24 /Users/tresfregosa/Library/Application Support/Code/User/globalStorage/vexrobotics.vexcode/sdk/cpp/V5/V5_20240802_15_00_00/vexv5/libv5rt.a(v5_apiuser.c.obj)
                0x0000000003804484                vexMotorEfficiencyGet
 .text.vexMotorReverseFlagSet
                0x00000000038044a8       0x20 /Users/tresfregosa/Library/Application Support/Code/User/globalStorage/vexrobotics.vexcode/sdk/cpp/V5/V5_20240802_15_00_00/vexv5/libv5rt.a(v5_apiuser.c.obj)
                0x00000000038044a8                vexMotorReverseFlagSet
 .text.vexMotorEncoderUnitsSet
                0x00000000038044c8       0x20 /Users/tresfregosa/Library/Application Support/Code/User/globalStorage/vexrobotics.vexcode/sdk/cpp/V5/V5_20240802_15_00_00/vexv5/libv5rt.a(v5_apiuser.c.obj)
                0x00000000038044c8                vexMotorEncoderUnitsSet
 .text.vexMotorBrakeModeSet
                0x00000000038044e8       0x20 /Users/tresfregosa/Library/Application Support/Code/User/globalStorage/vexrobotics.vexcode/sdk/cpp/V5/V5_20240802_15_00_00/vexv5/libv5rt.a(v5_apiuser.c.obj)
                0x00000000038044e8                vexMotorBrakeModeSet
 .text.vexMotorPositionSet
                0x0000000003804508       0x28 /Users/tresfregosa/Library/Application Support/Code/User/globalStorage/vexrobotics.vexcode/sdk/cpp/V5/V5_20240802_15_00_00/vexv5/libv5rt.a(v5_apiuser.c.obj)
                0x0000000003804508                vexMotorPositionSet
 .text.vexMotorPositionGet
                0x0000000003804530       0x24 /Users/tresfregosa/Library/Application Support/Code/User/globalStorage/vexrobotics.vexcode/sdk/cpp/V5/V5_20240802_15_00_00/vexv5/libv5rt.a(v5_apiuser.c.obj)
                0x0000000003804530                vexMotorPositionGet
 .text.vexMotorGearingSet
                0x0000000003804554       0x20 /Users/tresfregosa/Library/Application Support/Code/User/globalStorage/vexrobotics.vexcode/sdk/cpp/V5/V5_20240802_15_00_00/vexv5/libv5rt.a(v5_apiuser.c.obj)
                0x0000000003804554                vexMotorGearingSet
 .text.vexMotorGearingGet
                0x0000000003804574       0x18 /Users/tresfregosa/Library/Application Support/Code/User/globalStorage/vexrobotics.vexcode/sdk/cpp/V5/V5_20240802_15_00_00/vexv5/libv5rt.a(v5_apiuser.c.obj)
                0x0000000003804574                vexMotorGearingGet
 .text.vexImuReset
                0x000000000380458c       0x10 /Users/tresfregosa/Library/Application Support/Code/User/globalStorage/vexrobotics.vexcode/sdk/cpp/V5/V5_20240802_15_00_00/vexv5/libv5rt.a(v5_apiuser.c.obj)
                0x000000000380458c                vexImuReset
 .text.vexImuHeadingGet
                0x000000000380459c       0x10 /Users/tresfregosa/Library/Application Support/Code/User/globalStorage/vexrobotics.vexcode/sdk/cpp/V5/V5_20240802_15_00_00/vexv5/libv5rt.a(v5_apiuser.c.obj)
                0x000000000380459c                vexImuHeadingGet
 .text.vexImuDegreesGet
                0x00000000038045ac       0x10 /Users/tresfregosa/Library/Application Support/Code/User/globalStorage/vexrobotics.vexcode/sdk/cpp/V5/V5_20240802_15_00_00/vexv5/libv5rt.a(v5_apiuser.c.obj)
                0x00000000038045ac                vexImuDegreesGet
 .text.vexImuStatusGet
                0x00000000038045bc       0x10 /Users/tresfregosa/Library/Application Support/Code/User/globalStorage/vexrobotics.vexcode/sdk/cpp/V5/V5_20240802_15_00_00/vexv5/libv5rt.a(v5_apiuser.c.obj)
                0x00000000038045bc                vexImuStatusGet
 .text.vexAbsEncAngleGet
                0x00000000038045cc       0x10 /Users/tresfregosa/Library/Application Support/Code/User/globalStorage/vexrobotics.vexcode/sdk/cpp/V5/V5_20240802_15_00_00/vexv5/libv5rt.a(v5_apiuser.c.obj)
                0x00000000038045cc                vexAbsEncAngleGet
 .text.vexAbsEncReverseFlagSet
                0x00000000038045dc       0x18 /Users/tresfregosa/Library/Application Support/Code/User/globalStorage/vexrobotics.vexcode/sdk/cpp/V5/V5_20240802_15_00_00/vexv5/libv5rt.a(v5_apiuser.c.obj)
                0x00000000038045dc                vexAbsEncReverseFlagSet
 .text.vexEventMaskSet
                0x00000000038045f4       0x28 /Users/tresfregosa/Library/Application Support/Code/User/globalStorage/vexrobotics.vexcode/sdk/cpp/V5/V5_20240802_15_00_00/vexv5/libv5rt.a(v5_apiuser.c.obj)
                0x00000000038045f4                vexEventMaskSet
 .text.vexEventMaskGet
                0x000000000380461c       0x18 /Users/tresfregosa/Library/Application Support/Code/User/globalStorage/vexrobotics.vexcode/sdk/cpp/V5/V5_20240802_15_00_00/vexv5/libv5rt.a(v5_apiuser.c.obj)
                0x000000000380461c                vexEventMaskGet
 .text._ZN3vex6deviceD2Ev
                0x0000000003804634        0x4 /Users/tresfregosa/Library/Application Support/Code/User/globalStorage/vexrobotics.vexcode/sdk/cpp/V5/V5_20240802_15_00_00/vexv5/libv5rt.a(vex_device.cpp.obj)
                0x0000000003804634                vex::device::~device()
                0x0000000003804634                vex::device::~device()
 .text._ZN3vex6device5valueEv
                0x0000000003804638        0x8 /Users/tresfregosa/Library/Application Support/Code/User/globalStorage/vexrobotics.vexcode/sdk/cpp/V5/V5_20240802_15_00_00/vexv5/libv5rt.a(vex_device.cpp.obj)
                0x0000000003804638                vex::device::value()
 .text._ZN3vex6deviceD0Ev
                0x0000000003804640       0x14 /Users/tresfregosa/Library/Application Support/Code/User/globalStorage/vexrobotics.vexcode/sdk/cpp/V5/V5_20240802_15_00_00/vexv5/libv5rt.a(vex_device.cpp.obj)
                0x0000000003804640                vex::device::~device()
 .text._ZN3vex6device4initEl
                0x0000000003804654       0x30 /Users/tresfregosa/Library/Application Support/Code/User/globalStorage/vexrobotics.vexcode/sdk/cpp/V5/V5_20240802_15_00_00/vexv5/libv5rt.a(vex_device.cpp.obj)
                0x0000000003804654                vex::device::init(long)
 .text._ZN3vex6deviceC2El
                0x0000000003804684       0x20 /Users/tresfregosa/Library/Application Support/Code/User/globalStorage/vexrobotics.vexcode/sdk/cpp/V5/V5_20240802_15_00_00/vexv5/libv5rt.a(vex_device.cpp.obj)
                0x0000000003804684                vex::device::device(long)
                0x0000000003804684                vex::device::device(long)
 .text._ZN3vex6device4typeEv
                0x00000000038046a4       0x10 /Users/tresfregosa/Library/Application Support/Code/User/globalStorage/vexrobotics.vexcode/sdk/cpp/V5/V5_20240802_15_00_00/vexv5/libv5rt.a(vex_device.cpp.obj)
                0x00000000038046a4                vex::device::type()
 .text._ZN3vex6device9installedEv
                0x00000000038046b4       0x14 /Users/tresfregosa/Library/Application Support/Code/User/globalStorage/vexrobotics.vexcode/sdk/cpp/V5/V5_20240802_15_00_00/vexv5/libv5rt.a(vex_device.cpp.obj)
                0x00000000038046b4                vex::device::installed()
 .text.__libc_fini_array
                0x00000000038046c8       0x30 /Users/tresfregosa/Library/Application Support/Code/User/globalStorage/vexrobotics.vexcode/sdk/cpp/V5/V5_20240802_15_00_00/vexv5/gcc/libs/libc.a(lib_a-fini.o)
                0x00000000038046c8                __libc_fini_array
 .text.__libc_init_array
                0x00000000038046f8       0x58 /Users/tresfregosa/Library/Application Support/Code/User/globalStorage/vexrobotics.vexcode/sdk/cpp/V5/V5_20240802_15_00_00/vexv5/gcc/libs/libc.a(lib_a-init.o)
                0x00000000038046f8                __libc_init_array
 .text.__libc_init_array.__stub
                0x0000000003804750       0x18 linker stubs
 *(.gnu.linkonce.t.*)
 *(.plt)
 *(.gnu_warning)
 *(.gcc_except_table)
 *(.glue_7)
 .glue_7        0x0000000003804768        0x0 linker stubs
 *(.glue_7t)
 .glue_7t       0x0000000003804768        0x0 linker stubs
 *(.vfp11_veneer)
 .vfp11_veneer  0x0000000003804768        0x0 linker stubs
 *(.ARM.extab)
 *(.gnu.linkonce.armextab.*)

.v4_bx          0x0000000003804768        0x0
 .v4_bx         0x0000000003804768        0x0 linker stubs

.iplt           0x0000000003804768        0x0
 .iplt          0x0000000003804768        0x0 build/src/autons.o

.init
 *(.init)

.fini
 *(.fini)

.rodata         0x0000000003804768      0x264
                0x0000000003804768                __rodata_start = .
 *(.rodata)
 *(.rodata.*)
 .rodata.str1.1
                0x0000000003804768       0x97 build/src/main.o
 .rodata.str1.1
                0x00000000038047ff       0x2e /Users/tresfregosa/Library/Application Support/Code/User/globalStorage/vexrobotics.vexcode/sdk/cpp/V5/V5_20240802_15_00_00/vexv5/libv5rt.a(v5_startup.c.obj)
 *fill*         0x000000000380482d        0x3 
 .rodata._ZN3vex6PORT20E
                0x0000000003804830        0x4 /Users/tresfregosa/Library/Application Support/Code/User/globalStorage/vexrobotics.vexcode/sdk/cpp/V5/V5_20240802_15_00_00/vexv5/libv5rt.a(vex_global.cpp.obj)
                0x0000000003804830                vex::PORT20
 .rodata._ZN3vex3fwdE
                0x0000000003804834        0x4 /Users/tresfregosa/Library/Application Support/Code/User/globalStorage/vexrobotics.vexcode/sdk/cpp/V5/V5_20240802_15_00_00/vexv5/libv5rt.a(vex_global.cpp.obj)
                0x0000000003804834                vex::fwd
 .rodata._ZN3vex5PORT3E
                0x0000000003804838        0x4 /Users/tresfregosa/Library/Application Support/Code/User/globalStorage/vexrobotics.vexcode/sdk/cpp/V5/V5_20240802_15_00_00/vexv5/libv5rt.a(vex_global.cpp.obj)
                0x0000000003804838                vex::PORT3
 .rodata._ZN3vex5PORT1E
                0x000000000380483c        0x4 /Users/tresfregosa/Library/Application Support/Code/User/globalStorage/vexrobotics.vexcode/sdk/cpp/V5/V5_20240802_15_00_00/vexv5/libv5rt.a(vex_global.cpp.obj)
                0x000000000380483c                vex::PORT1
 .rodata._ZN3vex7reverseE
                0x0000000003804840        0x4 /Users/tresfregosa/Library/Application Support/Code/User/globalStorage/vexrobotics.vexcode/sdk/cpp/V5/V5_20240802_15_00_00/vexv5/libv5rt.a(vex_global.cpp.obj)
                0x0000000003804840                vex::reverse
 .rodata._ZN3vex4voltE
                0x0000000003804844        0x4 /Users/tresfregosa/Library/Application Support/Code/User/globalStorage/vexrobotics.vexcode/sdk/cpp/V5/V5_20240802_15_00_00/vexv5/libv5rt.a(vex_global.cpp.obj)
                0x0000000003804844                vex::volt
 .rodata._ZN3vex6PORT10E
                0x0000000003804848        0x4 /Users/tresfregosa/Library/Application Support/Code/User/globalStorage/vexrobotics.vexcode/sdk/cpp/V5/V5_20240802_15_00_00/vexv5/libv5rt.a(vex_global.cpp.obj)
                0x0000000003804848                vex::PORT10
 .rodata._ZN3vex6PORT14E
                0x000000000380484c        0x4 /Users/tresfregosa/Library/Application Support/Code/User/globalStorage/vexrobotics.vexcode/sdk/cpp/V5/V5_20240802_15_00_00/vexv5/libv5rt.a(vex_global.cpp.obj)
                0x000000000380484c                vex::PORT14
 .rodata._ZN3vex3pctE
                0x0000000003804850        0x4 /Users/tresfregosa/Library/Application Support/Code/User/globalStorage/vexrobotics.vexcode/sdk/cpp/V5/V5_20240802_15_00_00/vexv5/libv5rt.a(vex_global.cpp.obj)
                0x0000000003804850                vex::pct
 .rodata._ZN3vex4msecE
                0x0000000003804854        0x4 /Users/tresfregosa/Library/Application Support/Code/User/globalStorage/vexrobotics.vexcode/sdk/cpp/V5/V5_20240802_15_00_00/vexv5/libv5rt.a(vex_global.cpp.obj)
                0x0000000003804854                vex::msec
 .rodata._ZN3vex6PORT18E
                0x0000000003804858        0x4 /Users/tresfregosa/Library/Application Support/Code/User/globalStorage/vexrobotics.vexcode/sdk/cpp/V5/V5_20240802_15_00_00/vexv5/libv5rt.a(vex_global.cpp.obj)
                0x0000000003804858                vex::PORT18
 .rodata._ZN3vex5PORT9E
                0x000000000380485c        0x4 /Users/tresfregosa/Library/Application Support/Code/User/globalStorage/vexrobotics.vexcode/sdk/cpp/V5/V5_20240802_15_00_00/vexv5/libv5rt.a(vex_global.cpp.obj)
                0x000000000380485c                vex::PORT9
 .rodata._ZN3vex5PORT2E
                0x0000000003804860        0x4 /Users/tresfregosa/Library/Application Support/Code/User/globalStorage/vexrobotics.vexcode/sdk/cpp/V5/V5_20240802_15_00_00/vexv5/libv5rt.a(vex_global.cpp.obj)
                0x0000000003804860                vex::PORT2
 .rodata._ZN3vex7primaryE
                0x0000000003804864        0x4 /Users/tresfregosa/Library/Application Support/Code/User/globalStorage/vexrobotics.vexcode/sdk/cpp/V5/V5_20240802_15_00_00/vexv5/libv5rt.a(vex_global.cpp.obj)
                0x0000000003804864                vex::primary
 .rodata._ZN3vex3degE
                0x0000000003804868        0x4 /Users/tresfregosa/Library/Application Support/Code/User/globalStorage/vexrobotics.vexcode/sdk/cpp/V5/V5_20240802_15_00_00/vexv5/libv5rt.a(vex_global.cpp.obj)
                0x0000000003804868                vex::deg
 .rodata._ZN3vex6PORT19E
                0x000000000380486c        0x4 /Users/tresfregosa/Library/Application Support/Code/User/globalStorage/vexrobotics.vexcode/sdk/cpp/V5/V5_20240802_15_00_00/vexv5/libv5rt.a(vex_global.cpp.obj)
                0x000000000380486c                vex::PORT19
 .rodata._ZN3vex6PORT22E
                0x0000000003804870        0x4 /Users/tresfregosa/Library/Application Support/Code/User/globalStorage/vexrobotics.vexcode/sdk/cpp/V5/V5_20240802_15_00_00/vexv5/libv5rt.a(vex_global.cpp.obj)
                0x0000000003804870                vex::PORT22
 .rodata._ZN3vex5PORT7E
                0x0000000003804874        0x4 /Users/tresfregosa/Library/Application Support/Code/User/globalStorage/vexrobotics.vexcode/sdk/cpp/V5/V5_20240802_15_00_00/vexv5/libv5rt.a(vex_global.cpp.obj)
                0x0000000003804874                vex::PORT7
 .rodata._ZN3vex8ratio6_1E
                0x0000000003804878        0x4 /Users/tresfregosa/Library/Application Support/Code/User/globalStorage/vexrobotics.vexcode/sdk/cpp/V5/V5_20240802_15_00_00/vexv5/libv5rt.a(vex_global.cpp.obj)
                0x0000000003804878                vex::ratio6_1
 .rodata._ZN3vex5PORT4E
                0x000000000380487c        0x4 /Users/tresfregosa/Library/Application Support/Code/User/globalStorage/vexrobotics.vexcode/sdk/cpp/V5/V5_20240802_15_00_00/vexv5/libv5rt.a(vex_global.cpp.obj)
                0x000000000380487c                vex::PORT4
 .rodata._ZTVN3vex5motorE
                0x0000000003804880       0x18 /Users/tresfregosa/Library/Application Support/Code/User/globalStorage/vexrobotics.vexcode/sdk/cpp/V5/V5_20240802_15_00_00/vexv5/libv5rt.a(vex_motor.cpp.obj)
                0x0000000003804880                vtable for vex::motor
 .rodata._ZTVN3vex8inertialE
                0x0000000003804898       0x68 /Users/tresfregosa/Library/Application Support/Code/User/globalStorage/vexrobotics.vexcode/sdk/cpp/V5/V5_20240802_15_00_00/vexv5/libv5rt.a(vex_imu.cpp.obj)
                0x0000000003804898                vtable for vex::inertial
 .rodata._ZTVN3vex8rotationE
                0x0000000003804900       0x18 /Users/tresfregosa/Library/Application Support/Code/User/globalStorage/vexrobotics.vexcode/sdk/cpp/V5/V5_20240802_15_00_00/vexv5/libv5rt.a(vex_rotation.cpp.obj)
                0x0000000003804900                vtable for vex::rotation
 .rodata.CSWTCH.16
                0x0000000003804918        0xb /Users/tresfregosa/Library/Application Support/Code/User/globalStorage/vexrobotics.vexcode/sdk/cpp/V5/V5_20240802_15_00_00/vexv5/libv5rt.a(vex_controller.cpp.obj)
 .rodata.CSWTCH.18
                0x0000000003804923        0xb /Users/tresfregosa/Library/Application Support/Code/User/globalStorage/vexrobotics.vexcode/sdk/cpp/V5/V5_20240802_15_00_00/vexv5/libv5rt.a(vex_controller.cpp.obj)
 .rodata.CSWTCH.24
                0x000000000380492e        0x3 /Users/tresfregosa/Library/Application Support/Code/User/globalStorage/vexrobotics.vexcode/sdk/cpp/V5/V5_20240802_15_00_00/vexv5/libv5rt.a(vex_controller.cpp.obj)
 .rodata.str1.1
                0x0000000003804931       0x14 /Users/tresfregosa/Library/Application Support/Code/User/globalStorage/vexrobotics.vexcode/sdk/cpp/V5/V5_20240802_15_00_00/vexv5/libv5rt.a(vex_task.cpp.obj)
 .rodata.str1.1
                0x0000000003804945       0x2d /Users/tresfregosa/Library/Application Support/Code/User/globalStorage/vexrobotics.vexcode/sdk/cpp/V5/V5_20240802_15_00_00/vexv5/libv5rt.a(vex_brain.cpp.obj)
 *fill*         0x0000000003804972        0x6 
 .rodata._ZTVN3vex7triportE
                0x0000000003804978       0x18 /Users/tresfregosa/Library/Application Support/Code/User/globalStorage/vexrobotics.vexcode/sdk/cpp/V5/V5_20240802_15_00_00/vexv5/libv5rt.a(vex_triport.cpp.obj)
                0x0000000003804978                vtable for vex::triport
 .rodata.CSWTCH.39